Component: Arm Compiler for Embedded 6.21 Tool: armlink [5ee90200]

==============================================================================

Section Cross References

    empty.o(.text.main) refers to ti_msp_dl_config.o(.text.SYSCFG_DL_init) for SYSCFG_DL_init
    empty.o(.text.main) refers to board.o(.text.delay_ms) for delay_ms
    empty.o(.text.main) refers to servo.o(.text.setDirection) for setDirection
    empty.o(.text.main) refers to motor.o(.text.SetMotorPWM) for SetMotorPWM
    empty.o(.ARM.exidx.text.main) refers to empty.o(.text.main) for [Anonymous Symbol]
    startup_mspm0g350x_uvision.o(RESET) refers to startup_mspm0g350x_uvision.o(STACK) for __initial_sp
    startup_mspm0g350x_uvision.o(RESET) refers to startup_mspm0g350x_uvision.o(.text) for Reset_Handler
    startup_mspm0g350x_uvision.o(RESET) refers to board.o(.text.UART0_IRQHandler) for UART0_IRQHandler
    startup_mspm0g350x_uvision.o(.text) refers to entry.o(.ARM.Collect$$$$00000000) for __main
    ti_msp_dl_config.o(.text.SYSCFG_DL_init) refers to ti_msp_dl_config.o(.text.SYSCFG_DL_initPower) for SYSCFG_DL_initPower
    ti_msp_dl_config.o(.text.SYSCFG_DL_init) refers to ti_msp_dl_config.o(.text.SYSCFG_DL_GPIO_init) for SYSCFG_DL_GPIO_init
    ti_msp_dl_config.o(.text.SYSCFG_DL_init) refers to ti_msp_dl_config.o(.text.SYSCFG_DL_SYSCTL_init) for SYSCFG_DL_SYSCTL_init
    ti_msp_dl_config.o(.text.SYSCFG_DL_init) refers to ti_msp_dl_config.o(.text.SYSCFG_DL_PWM_SERVO_init) for SYSCFG_DL_PWM_SERVO_init
    ti_msp_dl_config.o(.text.SYSCFG_DL_init) refers to ti_msp_dl_config.o(.text.SYSCFG_DL_PWM_MOTOR_A_init) for SYSCFG_DL_PWM_MOTOR_A_init
    ti_msp_dl_config.o(.text.SYSCFG_DL_init) refers to ti_msp_dl_config.o(.text.SYSCFG_DL_PWM_MOTOR_B_init) for SYSCFG_DL_PWM_MOTOR_B_init
    ti_msp_dl_config.o(.text.SYSCFG_DL_init) refers to ti_msp_dl_config.o(.text.SYSCFG_DL_UART_0_init) for SYSCFG_DL_UART_0_init
    ti_msp_dl_config.o(.text.SYSCFG_DL_init) refers to ti_msp_dl_config.o(.text.SYSCFG_DL_SYSTICK_init) for SYSCFG_DL_SYSTICK_init
    ti_msp_dl_config.o(.text.SYSCFG_DL_init) refers to ti_msp_dl_config.o(.bss.gPWM_MOTOR_BBackup) for gPWM_MOTOR_BBackup
    ti_msp_dl_config.o(.text.SYSCFG_DL_init) refers to ti_msp_dl_config.o(.bss.gPWM_SERVOBackup) for gPWM_SERVOBackup
    ti_msp_dl_config.o(.ARM.exidx.text.SYSCFG_DL_init) refers to ti_msp_dl_config.o(.text.SYSCFG_DL_init) for [Anonymous Symbol]
    ti_msp_dl_config.o(.text.SYSCFG_DL_initPower) refers to dl_common.o(.text.DL_Common_delayCycles) for DL_Common_delayCycles
    ti_msp_dl_config.o(.ARM.exidx.text.SYSCFG_DL_initPower) refers to ti_msp_dl_config.o(.text.SYSCFG_DL_initPower) for [Anonymous Symbol]
    ti_msp_dl_config.o(.ARM.exidx.text.SYSCFG_DL_GPIO_init) refers to ti_msp_dl_config.o(.text.SYSCFG_DL_GPIO_init) for [Anonymous Symbol]
    ti_msp_dl_config.o(.ARM.exidx.text.SYSCFG_DL_SYSCTL_init) refers to ti_msp_dl_config.o(.text.SYSCFG_DL_SYSCTL_init) for [Anonymous Symbol]
    ti_msp_dl_config.o(.text.SYSCFG_DL_PWM_SERVO_init) refers to dl_timer.o(.text.DL_Timer_setClockConfig) for DL_Timer_setClockConfig
    ti_msp_dl_config.o(.text.SYSCFG_DL_PWM_SERVO_init) refers to dl_timer.o(.text.DL_TimerA_initPWMMode) for DL_TimerA_initPWMMode
    ti_msp_dl_config.o(.text.SYSCFG_DL_PWM_SERVO_init) refers to dl_timer.o(.text.DL_Timer_setCaptureCompareOutCtl) for DL_Timer_setCaptureCompareOutCtl
    ti_msp_dl_config.o(.text.SYSCFG_DL_PWM_SERVO_init) refers to dl_timer.o(.text.DL_Timer_setCaptCompUpdateMethod) for DL_Timer_setCaptCompUpdateMethod
    ti_msp_dl_config.o(.text.SYSCFG_DL_PWM_SERVO_init) refers to dl_timer.o(.text.DL_Timer_setCaptureCompareValue) for DL_Timer_setCaptureCompareValue
    ti_msp_dl_config.o(.text.SYSCFG_DL_PWM_SERVO_init) refers to ti_msp_dl_config.o(.rodata.gPWM_SERVOClockConfig) for [Anonymous Symbol]
    ti_msp_dl_config.o(.text.SYSCFG_DL_PWM_SERVO_init) refers to ti_msp_dl_config.o(.rodata.gPWM_SERVOConfig) for [Anonymous Symbol]
    ti_msp_dl_config.o(.ARM.exidx.text.SYSCFG_DL_PWM_SERVO_init) refers to ti_msp_dl_config.o(.text.SYSCFG_DL_PWM_SERVO_init) for [Anonymous Symbol]
    ti_msp_dl_config.o(.text.SYSCFG_DL_PWM_MOTOR_A_init) refers to dl_timer.o(.text.DL_Timer_setClockConfig) for DL_Timer_setClockConfig
    ti_msp_dl_config.o(.text.SYSCFG_DL_PWM_MOTOR_A_init) refers to dl_timer.o(.text.DL_Timer_initPWMMode) for DL_Timer_initPWMMode
    ti_msp_dl_config.o(.text.SYSCFG_DL_PWM_MOTOR_A_init) refers to dl_timer.o(.text.DL_Timer_setCaptureCompareOutCtl) for DL_Timer_setCaptureCompareOutCtl
    ti_msp_dl_config.o(.text.SYSCFG_DL_PWM_MOTOR_A_init) refers to dl_timer.o(.text.DL_Timer_setCaptCompUpdateMethod) for DL_Timer_setCaptCompUpdateMethod
    ti_msp_dl_config.o(.text.SYSCFG_DL_PWM_MOTOR_A_init) refers to dl_timer.o(.text.DL_Timer_setCaptureCompareValue) for DL_Timer_setCaptureCompareValue
    ti_msp_dl_config.o(.text.SYSCFG_DL_PWM_MOTOR_A_init) refers to ti_msp_dl_config.o(.rodata.gPWM_MOTOR_AClockConfig) for [Anonymous Symbol]
[...]
    dl_aes.o(.ARM.exidx.text.DL_AES_loadXORDataInWithoutTriggerAligned) refers to dl_aes.o(.text.DL_AES_loadXORDataInWithoutTriggerAligned) for [Anonymous Symbol]
    dl_aes.o(.ARM.exidx.text.DL_AES_xorData) refers to dl_aes.o(.text.DL_AES_xorData) for [Anonymous Symbol]
    dl_aes.o(.ARM.exidx.text.DL_AES_xorDataAligned) refers to dl_aes.o(.text.DL_AES_xorDataAligned) for [Anonymous Symbol]
    dl_aes.o(.ARM.exidx.text.DL_AES_saveConfiguration) refers to dl_aes.o(.text.DL_AES_saveConfiguration) for [Anonymous Symbol]
    dl_aes.o(.ARM.exidx.text.DL_AES_restoreConfiguration) refers to dl_aes.o(.text.DL_AES_restoreConfiguration) for [Anonymous Symbol]
    dl_adc12.o(.ARM.exidx.text.DL_ADC12_setClockConfig) refers to dl_adc12.o(.text.DL_ADC12_setClockConfig) for [Anonymous Symbol]
    dl_adc12.o(.ARM.exidx.text.DL_ADC12_getClockConfig) refers to dl_adc12.o(.text.DL_ADC12_getClockConfig) for [Anonymous Symbol]
    servo.o(.text.setServoPWM) refers to dl_timer.o(.text.DL_Timer_setCaptureCompareValue) for DL_Timer_setCaptureCompareValue
    servo.o(.ARM.exidx.text.setServoPWM) refers to servo.o(.text.setServoPWM) for [Anonymous Symbol]
    servo.o(.text.setDirection) refers to dl_timer.o(.text.DL_Timer_setCaptureCompareValue) for DL_Timer_setCaptureCompareValue
    servo.o(.ARM.exidx.text.setDirection) refers to servo.o(.text.setDirection) for [Anonymous Symbol]
    motor.o(.text.Velocity_A) refers to fflti.o(.text) for __aeabi_i2f
    motor.o(.text.Velocity_A) refers to fmul.o(.text) for __aeabi_fmul
    motor.o(.text.Velocity_A) refers to fadd.o(.text) for __aeabi_fadd
    motor.o(.text.Velocity_A) refers to ffixi.o(.text) for __aeabi_f2iz
    motor.o(.text.Velocity_A) refers to motor.o(.bss.Velocity_A.Last_biasA) for [Anonymous Symbol]
    motor.o(.text.Velocity_A) refers to motor.o(.data.Velcity_Kp) for Velcity_Kp
    motor.o(.text.Velocity_A) refers to motor.o(.data.Velcity_Ki) for Velcity_Ki
    motor.o(.text.Velocity_A) refers to motor.o(.bss.Velocity_A.ControlVelocityA) for [Anonymous Symbol]
    motor.o(.ARM.exidx.text.Velocity_A) refers to motor.o(.text.Velocity_A) for [Anonymous Symbol]
    motor.o(.text.Velocity_B) refers to fflti.o(.text) for __aeabi_i2f
    motor.o(.text.Velocity_B) refers to fmul.o(.text) for __aeabi_fmul
    motor.o(.text.Velocity_B) refers to fadd.o(.text) for __aeabi_fadd
    motor.o(.text.Velocity_B) refers to ffixi.o(.text) for __aeabi_f2iz
    motor.o(.text.Velocity_B) refers to motor.o(.bss.Velocity_B.Last_biasB) for [Anonymous Symbol]
    motor.o(.text.Velocity_B) refers to motor.o(.data.Velcity_Kp) for Velcity_Kp
    motor.o(.text.Velocity_B) refers to motor.o(.data.Velcity_Ki) for Velcity_Ki
    motor.o(.text.Velocity_B) refers to motor.o(.bss.Velocity_B.ControlVelocityB) for [Anonymous Symbol]
    motor.o(.ARM.exidx.text.Velocity_B) refers to motor.o(.text.Velocity_B) for [Anonymous Symbol]
    motor.o(.text.SetMotorPWM) refers to dl_timer.o(.text.DL_Timer_setCaptureCompareValue) for DL_Timer_setCaptureCompareValue
    motor.o(.ARM.exidx.text.SetMotorPWM) refers to motor.o(.text.SetMotorPWM) for [Anonymous Symbol]
    entry.o(.ARM.Collect$$$$00000000) refers (Special) to entry10a.o(.ARM.Collect$$$$0000000D) for __rt_final_cpp
    entry.o(.ARM.Collect$$$$00000000) refers (Special) to entry11a.o(.ARM.Collect$$$$0000000F) for __rt_final_exit
    entry.o(.ARM.Collect$$$$00000000) refers (Special) to entry7b.o(.ARM.Collect$$$$00000008) for _main_clock
    entry.o(.ARM.Collect$$$$00000000) refers (Special) to entry8b.o(.ARM.Collect$$$$0000000A) for _main_cpp_init
    entry.o(.ARM.Collect$$$$00000000) refers (Special) to entry9a.o(.ARM.Collect$$$$0000000B) for _main_init
    entry.o(.ARM.Collect$$$$00000000) refers (Special) to entry5.o(.ARM.Collect$$$$00000004) for _main_scatterload
    entry.o(.ARM.Collect$$$$00000000) refers (Special) to entry2.o(.ARM.Collect$$$$00000001) for _main_stk
    puts.o(i.puts) refers to board.o(.text.fputc) for fputc
    puts.o(i.puts) refers to stdout.o(.data) for __stdout
    puts_e.o(.text) refers to board.o(.text.fputc) for fputc
    puts_e.o(.text) refers to stdout.o(.data) for __stdout
    fadd.o(.text) refers (Special) to iusefp.o(.text) for __I$use$fp
    fadd.o(.text) refers to fepilogue.o(.text) for _float_epilogue
    fmul.o(.text) refers (Special) to iusefp.o(.text) for __I$use$fp
    fflti.o(.text) refers (Special) to iusefp.o(.text) for __I$use$fp
    fflti.o(.text) refers to fepilogue.o(.text) for _float_epilogue
    ffixi.o(.text) refers (Special) to iusefp.o(.text) for __I$use$fp
    entry2.o(.ARM.Collect$$$$00000001) refers to entry2.o(.ARM.Collect$$$$00002712) for __lit__00000000
    entry2.o(.ARM.Collect$$$$00002712) refers to startup_mspm0g350x_uvision.o(STACK) for __initial_sp
    entry2.o(__vectab_stack_and_reset_area) refers to startup_mspm0g350x_uvision.o(STACK) for __initial_sp
    entry2.o(__vectab_stack_and_reset_area) refers to entry.o(.ARM.Collect$$$$00000000) for __main
    entry5.o(.ARM.Collect$$$$00000004) refers to init.o(.text) for __scatterload
    entry9a.o(.ARM.Collect$$$$0000000B) refers to empty.o(.text.main) for main
    entry9b.o(.ARM.Collect$$$$0000000C) refers to empty.o(.text.main) for main
    idiv_div0.o(.text) refers to uidiv_div0.o(.text) for __aeabi_uidivmod
    fepilogue.o(.text) refers (Special) to iusefp.o(.text) for __I$use$fp
    init.o(.text) refers to entry5.o(.ARM.Collect$$$$00000004) for __main_after_scatterload


==============================================================================

Removing Unused input sections from the image.

    Removing empty.o(.text), (0 bytes).
    Removing empty.o(.ARM.exidx.text.main), (8 bytes).
    Removing empty.o(.ARM.use_no_argv), (4 bytes).
    Removing startup_mspm0g350x_uvision.o(HEAP), (0 bytes).
    Removing ti_msp_dl_config.o(.text), (0 bytes).
    Removing ti_msp_dl_config.o(.ARM.exidx.text.SYSCFG_DL_init), (8 bytes).
    Removing ti_msp_dl_config.o(.ARM.exidx.text.SYSCFG_DL_initPower), (8 bytes).
    Removing ti_msp_dl_config.o(.ARM.exidx.text.SYSCFG_DL_GPIO_init), (8 bytes).
    Removing ti_msp_dl_config.o(.ARM.exidx.text.SYSCFG_DL_SYSCTL_init), (8 bytes).
    Removing ti_msp_dl_config.o(.ARM.exidx.text.SYSCFG_DL_PWM_SERVO_init), (8 bytes).
    Removing ti_msp_dl_config.o(.ARM.exidx.text.SYSCFG_DL_PWM_MOTOR_A_init), (8 bytes).
    Removing ti_msp_dl_config.o(.ARM.exidx.text.SYSCFG_DL_PWM_MOTOR_B_init), (8 bytes).
    Removing ti_msp_dl_config.o(.ARM.exidx.text.SYSCFG_DL_UART_0_init), (8 bytes).
    Removing ti_msp_dl_config.o(.ARM.exidx.text.SYSCFG_DL_SYSTICK_init), (8 bytes).
    Removing ti_msp_dl_config.o(.text.SYSCFG_DL_saveConfiguration), (40 bytes).
    Removing ti_msp_dl_config.o(.ARM.exidx.text.SYSCFG_DL_saveConfiguration), (8 bytes).
    Removing ti_msp_dl_config.o(.text.SYSCFG_DL_restoreConfiguration), (48 bytes).
    Removing ti_msp_dl_config.o(.ARM.exidx.text.SYSCFG_DL_restoreConfiguration), (8 bytes).
    Removing board.o(.text), (0 bytes).
    Removing board.o(.text.board_init), (68 bytes).
    Removing board.o(.ARM.exidx.text.board_init), (8 bytes).
    Removing board.o(.text.delay_us), (68 bytes).
    Removing board.o(.ARM.exidx.text.delay_us), (8 bytes).
    Removing board.o(.ARM.exidx.text.delay_ms), (8 bytes).
    Removing board.o(.text.delay_1us), (68 bytes).
    Removing board.o(.ARM.exidx.text.delay_1us), (8 bytes).
    Removing board.o(.text.delay_1ms), (72 bytes).
    Removing board.o(.ARM.exidx.text.delay_1ms), (8 bytes).
    Removing board.o(.text.uart0_send_char), (36 bytes).
    Removing board.o(.ARM.exidx.text.uart0_send_char), (8 bytes).
    Removing board.o(.text.uart0_send_string), (56 bytes).
    Removing board.o(.ARM.exidx.text.uart0_send_string), (8 bytes).
    Removing board.o(.text.fputc), (36 bytes).
    Removing board.o(.ARM.exidx.text.fputc), (8 bytes).
    Removing board.o(.ARM.exidx.text.UART0_IRQHandler), (8 bytes).
    Removing dl_vref.o(.text), (0 bytes).
    Removing dl_vref.o(.text.DL_VREF_configReference), (32 bytes).
    Removing dl_vref.o(.ARM.exidx.text.DL_VREF_configReference), (8 bytes).
    Removing dl_vref.o(.text.DL_VREF_setClockConfig), (18 bytes).
    Removing dl_vref.o(.ARM.exidx.text.DL_VREF_setClockConfig), (8 bytes).
    Removing dl_vref.o(.text.DL_VREF_getClockConfig), (16 bytes).
    Removing dl_vref.o(.ARM.exidx.text.DL_VREF_getClockConfig), (8 bytes).
    Removing dl_uart.o(.text), (0 bytes).
    Removing dl_uart.o(.ARM.exidx.text.DL_UART_init), (8 bytes).
    Removing dl_uart.o(.ARM.exidx.text.DL_UART_setClockConfig), (8 bytes).
    Removing dl_uart.o(.text.DL_UART_getClockConfig), (16 bytes).
    Removing dl_uart.o(.ARM.exidx.text.DL_UART_getClockConfig), (8 bytes).
    Removing dl_uart.o(.text.DL_UART_configBaudRate), (132 bytes).
    Removing dl_uart.o(.ARM.exidx.text.DL_UART_configBaudRate), (8 bytes).
    Removing dl_uart.o(.text.DL_UART_configIrDAMode), (68 bytes).
    Removing dl_uart.o(.ARM.exidx.text.DL_UART_configIrDAMode), (8 bytes).
    Removing dl_uart.o(.text.DL_UART_setIrDAPulseLength), (48 bytes).
    Removing dl_uart.o(.ARM.exidx.text.DL_UART_setIrDAPulseLength), (8 bytes).
    Removing dl_uart.o(.text.DL_UART_receiveDataBlocking), (40 bytes).
    Removing dl_uart.o(.ARM.exidx.text.DL_UART_receiveDataBlocking), (8 bytes).
    Removing dl_uart.o(.text.DL_UART_transmitDataBlocking), (36 bytes).
    Removing dl_uart.o(.ARM.exidx.text.DL_UART_transmitDataBlocking), (8 bytes).
    Removing dl_uart.o(.text.DL_UART_receiveDataCheck), (28 bytes).
    Removing dl_uart.o(.ARM.exidx.text.DL_UART_receiveDataCheck), (8 bytes).
    Removing dl_uart.o(.text.DL_UART_transmitDataCheck), (28 bytes).
    Removing dl_uart.o(.ARM.exidx.text.DL_UART_transmitDataCheck), (8 bytes).
    Removing dl_uart.o(.text.DL_UART_drainRXFIFO), (116 bytes).
    Removing dl_uart.o(.ARM.exidx.text.DL_UART_drainRXFIFO), (8 bytes).
    Removing dl_uart.o(.text.DL_UART_fillTXFIFO), (116 bytes).
    Removing dl_uart.o(.ARM.exidx.text.DL_UART_fillTXFIFO), (8 bytes).
    Removing dl_uart.o(.text.DL_UART_Main_saveConfiguration), (116 bytes).
    Removing dl_uart.o(.ARM.exidx.text.DL_UART_Main_saveConfiguration), (8 bytes).
    Removing dl_uart.o(.text.DL_UART_Main_restoreConfiguration), (136 bytes).
    Removing dl_uart.o(.ARM.exidx.text.DL_UART_Main_restoreConfiguration), (8 bytes).
    Removing dl_uart.o(.text.DL_UART_Extend_saveConfiguration), (144 bytes).
    Removing dl_uart.o(.ARM.exidx.text.DL_UART_Extend_saveConfiguration), (8 bytes).
    Removing dl_uart.o(.text.DL_UART_Extend_restoreConfiguration), (168 bytes).
    Removing dl_uart.o(.ARM.exidx.text.DL_UART_Extend_restoreConfiguration), (8 bytes).
    Removing dl_trng.o(.text), (0 bytes).
    Removing dl_trng.o(.text.DL_TRNG_saveConfiguration), (44 bytes).
    Removing dl_trng.o(.ARM.exidx.text.DL_TRNG_saveConfiguration), (8 bytes).
    Removing dl_trng.o(.text.DL_TRNG_restoreConfiguration), (72 bytes).
    Removing dl_trng.o(.ARM.exidx.text.DL_TRNG_restoreConfiguration), (8 bytes).
    Removing dl_timer.o(.text), (0 bytes).
    Removing dl_timer.o(.ARM.exidx.text.DL_Timer_setClockConfig), (8 bytes).
    Removing dl_timer.o(.text.DL_Timer_getClockConfig), (28 bytes).
    Removing dl_timer.o(.ARM.exidx.text.DL_Timer_getClockConfig), (8 bytes).
    Removing dl_timer.o(.text.DL_Timer_initTimerMode), (240 bytes).
    Removing dl_timer.o(.ARM.exidx.text.DL_Timer_initTimerMode), (8 bytes).
    Removing dl_timer.o(.ARM.exidx.text.DL_Timer_setCaptureCompareValue), (8 bytes).
    Removing dl_timer.o(.text.DL_Timer_setCaptureCompareCtl), (40 bytes).
    Removing dl_timer.o(.ARM.exidx.text.DL_Timer_setCaptureCompareCtl), (8 bytes).
    Removing dl_timer.o(.text.DL_Timer_initCaptureMode), (264 bytes).
    Removing dl_timer.o(.ARM.exidx.text.DL_Timer_initCaptureMode), (8 bytes).
    Removing dl_timer.o(.text.DL_Timer_setCaptureCompareInput), (26 bytes).
    Removing dl_timer.o(.ARM.exidx.text.DL_Timer_setCaptureCompareInput), (8 bytes).
    Removing dl_timer.o(.text.DL_Timer_initCaptureTriggerMode), (116 bytes).
    Removing dl_timer.o(.ARM.exidx.text.DL_Timer_initCaptureTriggerMode), (8 bytes).
    Removing dl_timer.o(.text.DL_Timer_initCaptureCombinedMode), (224 bytes).
    Removing dl_timer.o(.ARM.exidx.text.DL_Timer_initCaptureCombinedMode), (8 bytes).
    Removing dl_timer.o(.text.DL_Timer_initCompareMode), (160 bytes).
    Removing dl_timer.o(.ARM.exidx.text.DL_Timer_initCompareMode), (8 bytes).
    Removing dl_timer.o(.text.DL_Timer_initCompareTriggerMode), (108 bytes).
    Removing dl_timer.o(.ARM.exidx.text.DL_Timer_initCompareTriggerMode), (8 bytes).
    Removing dl_timer.o(.ARM.exidx.text.DL_Timer_initPWMMode), (8 bytes).
    Removing dl_timer.o(.text.DL_Timer_setCaptureCompareAction), (36 bytes).
    Removing dl_timer.o(.ARM.exidx.text.DL_Timer_setCaptureCompareAction), (8 bytes).
    Removing dl_timer.o(.ARM.exidx.text.DL_Timer_setCaptureCompareOutCtl), (8 bytes).
    Removing dl_timer.o(.text.DL_Timer_getCaptureCompareValue), (16 bytes).
    Removing dl_timer.o(.ARM.exidx.text.DL_Timer_getCaptureCompareValue), (8 bytes).
    Removing dl_timer.o(.text.DL_Timer_getCaptureCompareCtl), (24 bytes).
    Removing dl_timer.o(.ARM.exidx.text.DL_Timer_getCaptureCompareCtl), (8 bytes).
    Removing dl_timer.o(.text.DL_Timer_enableSuppressionOfCompEvent), (24 bytes).
    Removing dl_timer.o(.ARM.exidx.text.DL_Timer_enableSuppressionOfCompEvent), (8 bytes).
    Removing dl_timer.o(.text.DL_Timer_disableSuppressionOfCompEvent), (24 bytes).
    Removing dl_timer.o(.ARM.exidx.text.DL_Timer_disableSuppressionOfCompEvent), (8 bytes).
    Removing dl_timer.o(.ARM.exidx.text.DL_Timer_setCaptCompUpdateMethod), (8 bytes).
    Removing dl_timer.o(.text.DL_Timer_getCaptCompUpdateMethod), (20 bytes).
    Removing dl_timer.o(.ARM.exidx.text.DL_Timer_getCaptCompUpdateMethod), (8 bytes).
    Removing dl_timer.o(.text.DL_Timer_getCaptureCompareOutCtl), (16 bytes).
    Removing dl_timer.o(.ARM.exidx.text.DL_Timer_getCaptureCompareOutCtl), (8 bytes).
    Removing dl_timer.o(.text.DL_Timer_getCaptureCompareAction), (24 bytes).
    Removing dl_timer.o(.ARM.exidx.text.DL_Timer_getCaptureCompareAction), (8 bytes).
    Removing dl_timer.o(.text.DL_Timer_overrideCCPOut), (32 bytes).
    Removing dl_timer.o(.ARM.exidx.text.DL_Timer_overrideCCPOut), (8 bytes).
    Removing dl_timer.o(.text.DL_Timer_getCaptureCompareInput), (16 bytes).
    Removing dl_timer.o(.ARM.exidx.text.DL_Timer_getCaptureCompareInput), (8 bytes).
    Removing dl_timer.o(.text.DL_Timer_setCaptureCompareInputFilter), (28 bytes).
    Removing dl_timer.o(.ARM.exidx.text.DL_Timer_setCaptureCompareInputFilter), (8 bytes).
    Removing dl_timer.o(.text.DL_Timer_getCaptureCompareInputFilter), (18 bytes).
    Removing dl_timer.o(.ARM.exidx.text.DL_Timer_getCaptureCompareInputFilter), (8 bytes).
    Removing dl_timer.o(.text.DL_Timer_enableCaptureCompareInputFilter), (20 bytes).
    Removing dl_timer.o(.ARM.exidx.text.DL_Timer_enableCaptureCompareInputFilter), (8 bytes).
    Removing dl_timer.o(.text.DL_Timer_disableCaptureCompareInputFilter), (20 bytes).
    Removing dl_timer.o(.ARM.exidx.text.DL_Timer_disableCaptureCompareInputFilter), (8 bytes).
    Removing dl_timer.o(.text.DL_Timer_isCaptureCompareInputFilterEnabled), (20 bytes).
    Removing dl_timer.o(.ARM.exidx.text.DL_Timer_isCaptureCompareInputFilterEnabled), (8 bytes).
    Removing dl_timer.o(.text.DL_Timer_saveConfiguration), (264 bytes).
    Removing dl_timer.o(.ARM.exidx.text.DL_Timer_saveConfiguration), (8 bytes).
    Removing dl_timer.o(.text.DL_Timer_restoreConfiguration), (268 bytes).
    Removing dl_timer.o(.ARM.exidx.text.DL_Timer_restoreConfiguration), (8 bytes).
    Removing dl_timer.o(.ARM.exidx.text.DL_TimerA_initPWMMode), (8 bytes).
    Removing dl_timer.o(.text.DL_Timer_setFaultSourceConfig), (44 bytes).
    Removing dl_timer.o(.ARM.exidx.text.DL_Timer_setFaultSourceConfig), (8 bytes).
    Removing dl_timer.o(.text.DL_Timer_getFaultSourceConfig), (32 bytes).
    Removing dl_timer.o(.ARM.exidx.text.DL_Timer_getFaultSourceConfig), (8 bytes).
    Removing dl_timer.o(.text.DL_TimerA_saveConfiguration), (344 bytes).
    Removing dl_timer.o(.ARM.exidx.text.DL_TimerA_saveConfiguration), (8 bytes).
    Removing dl_timer.o(.text.DL_TimerA_restoreConfiguration), (360 bytes).
    Removing dl_timer.o(.ARM.exidx.text.DL_TimerA_restoreConfiguration), (8 bytes).
    Removing dl_timer.o(.text.DL_Timer_configQEIHallInputMode), (40 bytes).
    Removing dl_timer.o(.ARM.exidx.text.DL_Timer_configQEIHallInputMode), (8 bytes).
    Removing dl_timer.o(.rodata..Lswitch.table.DL_Timer_initCompareMode), (12 bytes).
    Removing dl_spi.o(.text), (0 bytes).
    Removing dl_spi.o(.text.DL_SPI_init), (68 bytes).
    Removing dl_spi.o(.ARM.exidx.text.DL_SPI_init), (8 bytes).
    Removing dl_spi.o(.text.DL_SPI_setClockConfig), (18 bytes).
    Removing dl_spi.o(.ARM.exidx.text.DL_SPI_setClockConfig), (8 bytes).
    Removing dl_spi.o(.text.DL_SPI_getClockConfig), (16 bytes).
    Removing dl_spi.o(.ARM.exidx.text.DL_SPI_getClockConfig), (8 bytes).
    Removing dl_spi.o(.text.DL_SPI_receiveDataBlocking8), (48 bytes).
    Removing dl_spi.o(.ARM.exidx.text.DL_SPI_receiveDataBlocking8), (8 bytes).
    Removing dl_spi.o(.text.DL_SPI_receiveDataBlocking16), (48 bytes).
    Removing dl_spi.o(.ARM.exidx.text.DL_SPI_receiveDataBlocking16), (8 bytes).
    Removing dl_spi.o(.text.DL_SPI_receiveDataBlocking32), (44 bytes).
    Removing dl_spi.o(.ARM.exidx.text.DL_SPI_receiveDataBlocking32), (8 bytes).
    Removing dl_spi.o(.text.DL_SPI_transmitDataBlocking8), (44 bytes).
    Removing dl_spi.o(.ARM.exidx.text.DL_SPI_transmitDataBlocking8), (8 bytes).
    Removing dl_spi.o(.text.DL_SPI_transmitDataBlocking16), (44 bytes).
    Removing dl_spi.o(.ARM.exidx.text.DL_SPI_transmitDataBlocking16), (8 bytes).
    Removing dl_spi.o(.text.DL_SPI_transmitDataBlocking32), (44 bytes).
    Removing dl_spi.o(.ARM.exidx.text.DL_SPI_transmitDataBlocking32), (8 bytes).
    Removing dl_spi.o(.text.DL_SPI_receiveDataCheck8), (32 bytes).
    Removing dl_spi.o(.ARM.exidx.text.DL_SPI_receiveDataCheck8), (8 bytes).
    Removing dl_spi.o(.text.DL_SPI_receiveDataCheck16), (32 bytes).
    Removing dl_spi.o(.ARM.exidx.text.DL_SPI_receiveDataCheck16), (8 bytes).
    Removing dl_spi.o(.text.DL_SPI_receiveDataCheck32), (32 bytes).
    Removing dl_spi.o(.ARM.exidx.text.DL_SPI_receiveDataCheck32), (8 bytes).
    Removing dl_spi.o(.text.DL_SPI_transmitDataCheck8), (32 bytes).
    Removing dl_spi.o(.ARM.exidx.text.DL_SPI_transmitDataCheck8), (8 bytes).
    Removing dl_spi.o(.text.DL_SPI_transmitDataCheck16), (32 bytes).
    Removing dl_spi.o(.ARM.exidx.text.DL_SPI_transmitDataCheck16), (8 bytes).
    Removing dl_spi.o(.text.DL_SPI_transmitDataCheck32), (32 bytes).
    Removing dl_spi.o(.ARM.exidx.text.DL_SPI_transmitDataCheck32), (8 bytes).
    Removing dl_spi.o(.text.DL_SPI_drainRXFIFO8), (128 bytes).
    Removing dl_spi.o(.ARM.exidx.text.DL_SPI_drainRXFIFO8), (8 bytes).
    Removing dl_spi.o(.text.DL_SPI_drainRXFIFO16), (128 bytes).
    Removing dl_spi.o(.ARM.exidx.text.DL_SPI_drainRXFIFO16), (8 bytes).
    Removing dl_spi.o(.text.DL_SPI_drainRXFIFO32), (128 bytes).
    Removing dl_spi.o(.ARM.exidx.text.DL_SPI_drainRXFIFO32), (8 bytes).
    Removing dl_spi.o(.text.DL_SPI_fillTXFIFO8), (128 bytes).
    Removing dl_spi.o(.ARM.exidx.text.DL_SPI_fillTXFIFO8), (8 bytes).
    Removing dl_spi.o(.text.DL_SPI_fillTXFIFO16), (124 bytes).
    Removing dl_spi.o(.ARM.exidx.text.DL_SPI_fillTXFIFO16), (8 bytes).
    Removing dl_spi.o(.text.DL_SPI_saveConfiguration), (104 bytes).
    Removing dl_spi.o(.ARM.exidx.text.DL_SPI_saveConfiguration), (8 bytes).
    Removing dl_spi.o(.text.DL_SPI_restoreConfiguration), (128 bytes).
    Removing dl_spi.o(.ARM.exidx.text.DL_SPI_restoreConfiguration), (8 bytes).
    Removing dl_spi.o(.text.DL_SPI_fillTXFIFO32), (124 bytes).
    Removing dl_spi.o(.ARM.exidx.text.DL_SPI_fillTXFIFO32), (8 bytes).
    Removing dl_rtc_common.o(.text), (0 bytes).
    Removing dl_rtc_common.o(.text.DL_RTC_Common_initCalendar), (160 bytes).
    Removing dl_rtc_common.o(.ARM.exidx.text.DL_RTC_Common_initCalendar), (8 bytes).
    Removing dl_rtc_common.o(.text.DL_RTC_Common_getCalendarTime), (132 bytes).
    Removing dl_rtc_common.o(.ARM.exidx.text.DL_RTC_Common_getCalendarTime), (8 bytes).
    Removing dl_rtc_common.o(.text.DL_RTC_Common_setCalendarAlarm1), (100 bytes).
    Removing dl_rtc_common.o(.ARM.exidx.text.DL_RTC_Common_setCalendarAlarm1), (8 bytes).
    Removing dl_rtc_common.o(.text.DL_RTC_Common_getCalendarAlarm1), (88 bytes).
    Removing dl_rtc_common.o(.ARM.exidx.text.DL_RTC_Common_getCalendarAlarm1), (8 bytes).
    Removing dl_rtc_common.o(.text.DL_RTC_Common_enableCalendarAlarm1), (68 bytes).
    Removing dl_rtc_common.o(.ARM.exidx.text.DL_RTC_Common_enableCalendarAlarm1), (8 bytes).
    Removing dl_rtc_common.o(.text.DL_RTC_Common_disableCalendarAlarm1), (76 bytes).
    Removing dl_rtc_common.o(.ARM.exidx.text.DL_RTC_Common_disableCalendarAlarm1), (8 bytes).
    Removing dl_rtc_common.o(.text.DL_RTC_Common_setCalendarAlarm2), (100 bytes).
    Removing dl_rtc_common.o(.ARM.exidx.text.DL_RTC_Common_setCalendarAlarm2), (8 bytes).
    Removing dl_rtc_common.o(.text.DL_RTC_Common_getCalendarAlarm2), (88 bytes).
    Removing dl_rtc_common.o(.ARM.exidx.text.DL_RTC_Common_getCalendarAlarm2), (8 bytes).
    Removing dl_rtc_common.o(.text.DL_RTC_Common_enableCalendarAlarm2), (68 bytes).
    Removing dl_rtc_common.o(.ARM.exidx.text.DL_RTC_Common_enableCalendarAlarm2), (8 bytes).
    Removing dl_rtc_common.o(.text.DL_RTC_Common_disableCalendarAlarm2), (76 bytes).
    Removing dl_rtc_common.o(.ARM.exidx.text.DL_RTC_Common_disableCalendarAlarm2), (8 bytes).
    Removing dl_opa.o(.text), (0 bytes).
    Removing dl_opa.o(.text.DL_OPA_increaseGain), (52 bytes).
    Removing dl_opa.o(.ARM.exidx.text.DL_OPA_increaseGain), (8 bytes).
    Removing dl_opa.o(.text.DL_OPA_decreaseGain), (48 bytes).
    Removing dl_opa.o(.ARM.exidx.text.DL_OPA_decreaseGain), (8 bytes).
    Removing dl_mcan.o(.text), (0 bytes).
    Removing dl_mcan.o(.text.DL_MCAN_isReady), (20 bytes).
    Removing dl_mcan.o(.ARM.exidx.text.DL_MCAN_isReady), (8 bytes).
    Removing dl_mcan.o(.text.DL_MCAN_setClockConfig), (36 bytes).
    Removing dl_mcan.o(.ARM.exidx.text.DL_MCAN_setClockConfig), (8 bytes).
    Removing dl_mcan.o(.text.DL_MCAN_getClockConfig), (20 bytes).
    Removing dl_mcan.o(.ARM.exidx.text.DL_MCAN_getClockConfig), (8 bytes).
    Removing dl_mcan.o(.text.DL_MCAN_isInReset), (16 bytes).
    Removing dl_mcan.o(.ARM.exidx.text.DL_MCAN_isInReset), (8 bytes).
    Removing dl_mcan.o(.text.DL_MCAN_isFDOpEnable), (16 bytes).
    Removing dl_mcan.o(.ARM.exidx.text.DL_MCAN_isFDOpEnable), (8 bytes).
    Removing dl_mcan.o(.text.DL_MCAN_isMemInitDone), (16 bytes).
    Removing dl_mcan.o(.ARM.exidx.text.DL_MCAN_isMemInitDone), (8 bytes).
    Removing dl_mcan.o(.text.DL_MCAN_setOpMode), (24 bytes).
    Removing dl_mcan.o(.ARM.exidx.text.DL_MCAN_setOpMode), (8 bytes).
    Removing dl_mcan.o(.text.DL_MCAN_getOpMode), (16 bytes).
    Removing dl_mcan.o(.ARM.exidx.text.DL_MCAN_getOpMode), (8 bytes).
    Removing dl_mcan.o(.text.DL_MCAN_init), (236 bytes).
    Removing dl_mcan.o(.ARM.exidx.text.DL_MCAN_init), (8 bytes).
    Removing dl_mcan.o(.text.DL_MCAN_config), (224 bytes).
    Removing dl_mcan.o(.ARM.exidx.text.DL_MCAN_config), (8 bytes).
    Removing dl_mcan.o(.text.DL_MCAN_eccConfig), (184 bytes).
    Removing dl_mcan.o(.ARM.exidx.text.DL_MCAN_eccConfig), (8 bytes).
    Removing dl_mcan.o(.text.DL_MCAN_setBitTime), (216 bytes).
    Removing dl_mcan.o(.ARM.exidx.text.DL_MCAN_setBitTime), (8 bytes).
    Removing dl_mcan.o(.text.DL_MCAN_msgRAMConfig), (560 bytes).
    Removing dl_mcan.o(.ARM.exidx.text.DL_MCAN_msgRAMConfig), (8 bytes).
    Removing dl_mcan.o(.text.DL_MCAN_setExtIDAndMask), (60 bytes).
    Removing dl_mcan.o(.ARM.exidx.text.DL_MCAN_setExtIDAndMask), (8 bytes).
    Removing dl_mcan.o(.text.DL_MCAN_writeMsgRam), (228 bytes).
    Removing dl_mcan.o(.ARM.exidx.text.DL_MCAN_writeMsgRam), (8 bytes).
    Removing dl_mcan.o(.text.DL_MCAN_TXBufAddReq), (52 bytes).
    Removing dl_mcan.o(.ARM.exidx.text.DL_MCAN_TXBufAddReq), (8 bytes).
    Removing dl_mcan.o(.text.DL_MCAN_getNewDataStatus), (20 bytes).
    Removing dl_mcan.o(.ARM.exidx.text.DL_MCAN_getNewDataStatus), (8 bytes).
    Removing dl_mcan.o(.text.DL_MCAN_clearNewDataStatus), (20 bytes).
    Removing dl_mcan.o(.ARM.exidx.text.DL_MCAN_clearNewDataStatus), (8 bytes).
    Removing dl_mcan.o(.text.DL_MCAN_readMsgRam), (252 bytes).
    Removing dl_mcan.o(.ARM.exidx.text.DL_MCAN_readMsgRam), (8 bytes).
    Removing dl_mcan.o(.text.DL_MCAN_readTxEventFIFO), (96 bytes).
    Removing dl_mcan.o(.ARM.exidx.text.DL_MCAN_readTxEventFIFO), (8 bytes).
    Removing dl_mcan.o(.text.DL_MCAN_addStdMsgIDFilter), (44 bytes).
    Removing dl_mcan.o(.ARM.exidx.text.DL_MCAN_addStdMsgIDFilter), (8 bytes).
    Removing dl_mcan.o(.text.DL_MCAN_addExtMsgIDFilter), (44 bytes).
    Removing dl_mcan.o(.ARM.exidx.text.DL_MCAN_addExtMsgIDFilter), (8 bytes).
    Removing dl_mcan.o(.text.DL_MCAN_lpbkModeEnable), (88 bytes).
    Removing dl_mcan.o(.ARM.exidx.text.DL_MCAN_lpbkModeEnable), (8 bytes).
    Removing dl_mcan.o(.text.DL_MCAN_getErrCounters), (40 bytes).
    Removing dl_mcan.o(.ARM.exidx.text.DL_MCAN_getErrCounters), (8 bytes).
    Removing dl_mcan.o(.text.DL_MCAN_getProtocolStatus), (80 bytes).
    Removing dl_mcan.o(.ARM.exidx.text.DL_MCAN_getProtocolStatus), (8 bytes).
    Removing dl_mcan.o(.text.DL_MCAN_enableIntr), (28 bytes).
    Removing dl_mcan.o(.ARM.exidx.text.DL_MCAN_enableIntr), (8 bytes).
    Removing dl_mcan.o(.text.DL_MCAN_selectIntrLine), (28 bytes).
    Removing dl_mcan.o(.ARM.exidx.text.DL_MCAN_selectIntrLine), (8 bytes).
    Removing dl_mcan.o(.text.DL_MCAN_getIntrLineSelectStatus), (12 bytes).
    Removing dl_mcan.o(.ARM.exidx.text.DL_MCAN_getIntrLineSelectStatus), (8 bytes).
    Removing dl_mcan.o(.text.DL_MCAN_enableIntrLine), (28 bytes).
    Removing dl_mcan.o(.ARM.exidx.text.DL_MCAN_enableIntrLine), (8 bytes).
    Removing dl_mcan.o(.text.DL_MCAN_getIntrStatus), (12 bytes).
    Removing dl_mcan.o(.ARM.exidx.text.DL_MCAN_getIntrStatus), (8 bytes).
    Removing dl_mcan.o(.text.DL_MCAN_clearIntrStatus), (20 bytes).
    Removing dl_mcan.o(.ARM.exidx.text.DL_MCAN_clearIntrStatus), (8 bytes).
    Removing dl_mcan.o(.text.DL_MCAN_getHighPriorityMsgStatus), (44 bytes).
    Removing dl_mcan.o(.ARM.exidx.text.DL_MCAN_getHighPriorityMsgStatus), (8 bytes).
    Removing dl_mcan.o(.text.DL_MCAN_getRxFIFOStatus), (56 bytes).
    Removing dl_mcan.o(.ARM.exidx.text.DL_MCAN_getRxFIFOStatus), (8 bytes).
    Removing dl_mcan.o(.text.DL_MCAN_writeRxFIFOAck), (72 bytes).
    Removing dl_mcan.o(.ARM.exidx.text.DL_MCAN_writeRxFIFOAck), (8 bytes).
    Removing dl_mcan.o(.text.DL_MCAN_getTxFIFOQueStatus), (36 bytes).
    Removing dl_mcan.o(.ARM.exidx.text.DL_MCAN_getTxFIFOQueStatus), (8 bytes).
    Removing dl_mcan.o(.text.DL_MCAN_getTxBufReqPend), (12 bytes).
    Removing dl_mcan.o(.ARM.exidx.text.DL_MCAN_getTxBufReqPend), (8 bytes).
    Removing dl_mcan.o(.text.DL_MCAN_txBufCancellationReq), (52 bytes).
    Removing dl_mcan.o(.ARM.exidx.text.DL_MCAN_txBufCancellationReq), (8 bytes).
    Removing dl_mcan.o(.text.DL_MCAN_getTxBufTransmissionStatus), (12 bytes).
    Removing dl_mcan.o(.ARM.exidx.text.DL_MCAN_getTxBufTransmissionStatus), (8 bytes).
    Removing dl_mcan.o(.text.DL_MCAN_txBufCancellationStatus), (12 bytes).
    Removing dl_mcan.o(.ARM.exidx.text.DL_MCAN_txBufCancellationStatus), (8 bytes).
    Removing dl_mcan.o(.text.DL_MCAN_TXBufTransIntrEnable), (44 bytes).
    Removing dl_mcan.o(.ARM.exidx.text.DL_MCAN_TXBufTransIntrEnable), (8 bytes).
    Removing dl_mcan.o(.text.DL_MCAN_getTxBufCancellationIntrEnable), (44 bytes).
    Removing dl_mcan.o(.ARM.exidx.text.DL_MCAN_getTxBufCancellationIntrEnable), (8 bytes).
    Removing dl_mcan.o(.text.DL_MCAN_getTxEventFIFOStatus), (44 bytes).
    Removing dl_mcan.o(.ARM.exidx.text.DL_MCAN_getTxEventFIFOStatus), (8 bytes).
    Removing dl_mcan.o(.text.DL_MCAN_addClockStopRequest), (28 bytes).
    Removing dl_mcan.o(.ARM.exidx.text.DL_MCAN_addClockStopRequest), (8 bytes).
    Removing dl_mcan.o(.text.DL_MCAN_writeTxEventFIFOAck), (44 bytes).
    Removing dl_mcan.o(.ARM.exidx.text.DL_MCAN_writeTxEventFIFOAck), (8 bytes).
    Removing dl_mcan.o(.text.DL_MCAN_eccForceError), (220 bytes).
    Removing dl_mcan.o(.ARM.exidx.text.DL_MCAN_eccForceError), (8 bytes).
    Removing dl_mcan.o(.text.DL_MCAN_eccGetErrorStatus), (128 bytes).
    Removing dl_mcan.o(.ARM.exidx.text.DL_MCAN_eccGetErrorStatus), (8 bytes).
    Removing dl_mcan.o(.text.DL_MCAN_eccClearErrorStatus), (112 bytes).
    Removing dl_mcan.o(.ARM.exidx.text.DL_MCAN_eccClearErrorStatus), (8 bytes).
    Removing dl_mcan.o(.text.DL_MCAN_eccWriteEOI), (32 bytes).
    Removing dl_mcan.o(.ARM.exidx.text.DL_MCAN_eccWriteEOI), (8 bytes).
    Removing dl_mcan.o(.text.DL_MCAN_eccEnableIntr), (46 bytes).
    Removing dl_mcan.o(.ARM.exidx.text.DL_MCAN_eccEnableIntr), (8 bytes).
    Removing dl_mcan.o(.text.DL_MCAN_eccGetIntrStatus), (36 bytes).
    Removing dl_mcan.o(.ARM.exidx.text.DL_MCAN_eccGetIntrStatus), (8 bytes).
    Removing dl_mcan.o(.text.DL_MCAN_eccClearIntrStatus), (32 bytes).
    Removing dl_mcan.o(.ARM.exidx.text.DL_MCAN_eccClearIntrStatus), (8 bytes).
    Removing dl_mcan.o(.text.DL_MCAN_extTSCounterConfig), (24 bytes).
    Removing dl_mcan.o(.ARM.exidx.text.DL_MCAN_extTSCounterConfig), (8 bytes).
    Removing dl_mcan.o(.text.DL_MCAN_extTSCounterEnable), (28 bytes).
    Removing dl_mcan.o(.ARM.exidx.text.DL_MCAN_extTSCounterEnable), (8 bytes).
    Removing dl_mcan.o(.text.DL_MCAN_extTSEnableIntr), (24 bytes).
    Removing dl_mcan.o(.ARM.exidx.text.DL_MCAN_extTSEnableIntr), (8 bytes).
    Removing dl_mcan.o(.text.DL_MCAN_extTSWriteEOI), (20 bytes).
    Removing dl_mcan.o(.ARM.exidx.text.DL_MCAN_extTSWriteEOI), (8 bytes).
    Removing dl_mcan.o(.text.DL_MCAN_extTSGetUnservicedIntrCount), (16 bytes).
    Removing dl_mcan.o(.ARM.exidx.text.DL_MCAN_extTSGetUnservicedIntrCount), (8 bytes).
    Removing dl_mcan.o(.text.DL_MCAN_getRevisionId), (68 bytes).
    Removing dl_mcan.o(.ARM.exidx.text.DL_MCAN_getRevisionId), (8 bytes).
    Removing dl_mcan.o(.text.DL_MCAN_getClockStopAck), (16 bytes).
    Removing dl_mcan.o(.ARM.exidx.text.DL_MCAN_getClockStopAck), (8 bytes).
    Removing dl_mcan.o(.text.DL_MCAN_extTSSetRawStatus), (16 bytes).
    Removing dl_mcan.o(.ARM.exidx.text.DL_MCAN_extTSSetRawStatus), (8 bytes).
    Removing dl_mcan.o(.text.DL_MCAN_extTSClearRawStatus), (16 bytes).
    Removing dl_mcan.o(.ARM.exidx.text.DL_MCAN_extTSClearRawStatus), (8 bytes).
    Removing dl_mcan.o(.text.DL_MCAN_getRxPinState), (16 bytes).
    Removing dl_mcan.o(.ARM.exidx.text.DL_MCAN_getRxPinState), (8 bytes).
    Removing dl_mcan.o(.text.DL_MCAN_setTxPinState), (48 bytes).
    Removing dl_mcan.o(.ARM.exidx.text.DL_MCAN_setTxPinState), (8 bytes).
    Removing dl_mcan.o(.text.DL_MCAN_getTxPinState), (16 bytes).
    Removing dl_mcan.o(.ARM.exidx.text.DL_MCAN_getTxPinState), (8 bytes).
    Removing dl_mcan.o(.text.DL_MCAN_getTSCounterVal), (12 bytes).
    Removing dl_mcan.o(.ARM.exidx.text.DL_MCAN_getTSCounterVal), (8 bytes).
    Removing dl_mcan.o(.text.DL_MCAN_getClkStopAck), (16 bytes).
    Removing dl_mcan.o(.ARM.exidx.text.DL_MCAN_getClkStopAck), (8 bytes).
    Removing dl_mcan.o(.text.DL_MCAN_getBitTime), (76 bytes).
    Removing dl_mcan.o(.ARM.exidx.text.DL_MCAN_getBitTime), (8 bytes).
    Removing dl_mcan.o(.text.DL_MCAN_resetTSCounter), (20 bytes).
    Removing dl_mcan.o(.ARM.exidx.text.DL_MCAN_resetTSCounter), (8 bytes).
    Removing dl_mcan.o(.text.DL_MCAN_getTOCounterVal), (12 bytes).
    Removing dl_mcan.o(.ARM.exidx.text.DL_MCAN_getTOCounterVal), (8 bytes).
    Removing dl_mcan.o(.text.DL_MCAN_eccAggrGetRevisionId), (32 bytes).
    Removing dl_mcan.o(.ARM.exidx.text.DL_MCAN_eccAggrGetRevisionId), (8 bytes).
    Removing dl_mcan.o(.text.DL_MCAN_eccWrapGetRevisionId), (84 bytes).
    Removing dl_mcan.o(.ARM.exidx.text.DL_MCAN_eccWrapGetRevisionId), (8 bytes).
    Removing dl_mcan.o(.text.DL_MCAN_extTSIsIntrEnable), (16 bytes).
    Removing dl_mcan.o(.ARM.exidx.text.DL_MCAN_extTSIsIntrEnable), (8 bytes).
    Removing dl_mcan.o(.text.DL_MCAN_getEndianVal), (12 bytes).
    Removing dl_mcan.o(.ARM.exidx.text.DL_MCAN_getEndianVal), (8 bytes).
    Removing dl_mcan.o(.text.DL_MCAN_getExtIDANDMask), (16 bytes).
    Removing dl_mcan.o(.ARM.exidx.text.DL_MCAN_getExtIDANDMask), (8 bytes).
    Removing dl_mcan.o(.text.DL_MCAN_saveConfiguration), (300 bytes).
    Removing dl_mcan.o(.ARM.exidx.text.DL_MCAN_saveConfiguration), (8 bytes).
    Removing dl_mcan.o(.text.DL_MCAN_restoreConfiguration), (348 bytes).
    Removing dl_mcan.o(.ARM.exidx.text.DL_MCAN_restoreConfiguration), (8 bytes).
    Removing dl_mcan.o(.rodata..L__const.DL_MCAN_getDataSize.dataSize), (64 bytes).
    Removing dl_mcan.o(.rodata.cst32), (32 bytes).
    Removing dl_mathacl.o(.text), (0 bytes).
    Removing dl_mathacl.o(.text.DL_MathACL_configOperation), (40 bytes).
    Removing dl_mathacl.o(.ARM.exidx.text.DL_MathACL_configOperation), (8 bytes).
    Removing dl_lfss.o(.text), (0 bytes).
    Removing dl_lcd.o(.text), (0 bytes).
    Removing dl_keystorectl.o(.text), (0 bytes).
    Removing dl_i2c.o(.text), (0 bytes).
    Removing dl_i2c.o(.text.DL_I2C_setClockConfig), (38 bytes).
    Removing dl_i2c.o(.ARM.exidx.text.DL_I2C_setClockConfig), (8 bytes).
    Removing dl_i2c.o(.text.DL_I2C_getClockConfig), (26 bytes).
    Removing dl_i2c.o(.ARM.exidx.text.DL_I2C_getClockConfig), (8 bytes).
    Removing dl_i2c.o(.text.DL_I2C_fillControllerTXFIFO), (128 bytes).
    Removing dl_i2c.o(.ARM.exidx.text.DL_I2C_fillControllerTXFIFO), (8 bytes).
    Removing dl_i2c.o(.text.DL_I2C_flushControllerTXFIFO), (68 bytes).
    Removing dl_i2c.o(.ARM.exidx.text.DL_I2C_flushControllerTXFIFO), (8 bytes).
    Removing dl_i2c.o(.text.DL_I2C_flushControllerRXFIFO), (52 bytes).
    Removing dl_i2c.o(.ARM.exidx.text.DL_I2C_flushControllerRXFIFO), (8 bytes).
    Removing dl_i2c.o(.text.DL_I2C_fillTargetTXFIFO), (132 bytes).
    Removing dl_i2c.o(.ARM.exidx.text.DL_I2C_fillTargetTXFIFO), (8 bytes).
    Removing dl_i2c.o(.text.DL_I2C_flushTargetTXFIFO), (68 bytes).
    Removing dl_i2c.o(.ARM.exidx.text.DL_I2C_flushTargetTXFIFO), (8 bytes).
    Removing dl_i2c.o(.text.DL_I2C_flushTargetRXFIFO), (52 bytes).
    Removing dl_i2c.o(.ARM.exidx.text.DL_I2C_flushTargetRXFIFO), (8 bytes).
    Removing dl_i2c.o(.text.DL_I2C_transmitTargetDataBlocking), (36 bytes).
    Removing dl_i2c.o(.ARM.exidx.text.DL_I2C_transmitTargetDataBlocking), (8 bytes).
    Removing dl_i2c.o(.text.DL_I2C_transmitTargetDataCheck), (28 bytes).
    Removing dl_i2c.o(.ARM.exidx.text.DL_I2C_transmitTargetDataCheck), (8 bytes).
    Removing dl_i2c.o(.text.DL_I2C_receiveTargetDataBlocking), (40 bytes).
    Removing dl_i2c.o(.ARM.exidx.text.DL_I2C_receiveTargetDataBlocking), (8 bytes).
    Removing dl_i2c.o(.text.DL_I2C_receiveTargetDataCheck), (24 bytes).
    Removing dl_i2c.o(.ARM.exidx.text.DL_I2C_receiveTargetDataCheck), (8 bytes).
    Removing dl_flashctl.o(.text), (0 bytes).
    Removing dl_flashctl.o(.text.DL_FlashCTL_eraseMemory), (26 bytes).
    Removing dl_flashctl.o(.ARM.exidx.text.DL_FlashCTL_eraseMemory), (8 bytes).
    Removing dl_flashctl.o(.text.DL_FlashCTL_eraseMemoryFromRAM), (24 bytes).
    Removing dl_flashctl.o(.ARM.exidx.text.DL_FlashCTL_eraseMemoryFromRAM), (8 bytes).
    Removing dl_flashctl.o(.ramfunc), (64 bytes).
    Removing dl_flashctl.o(.ARM.exidx.ramfunc), (8 bytes).
    Removing dl_flashctl.o(.text.DL_FlashCTL_massErase), (196 bytes).
    Removing dl_flashctl.o(.ARM.exidx.text.DL_FlashCTL_massErase), (8 bytes).
    Removing dl_flashctl.o(.text.DL_FlashCTL_unprotectMainMemory), (20 bytes).
    Removing dl_flashctl.o(.ARM.exidx.text.DL_FlashCTL_unprotectMainMemory), (8 bytes).
    Removing dl_flashctl.o(.text.DL_FlashCTL_protectNonMainMemory), (16 bytes).
    Removing dl_flashctl.o(.ARM.exidx.text.DL_FlashCTL_protectNonMainMemory), (8 bytes).
    Removing dl_flashctl.o(.text.DL_FlashCTL_eraseDataBank), (84 bytes).
    Removing dl_flashctl.o(.ARM.exidx.text.DL_FlashCTL_eraseDataBank), (8 bytes).
    Removing dl_flashctl.o(.text.DL_FlashCTL_massEraseFromRAM), (116 bytes).
    Removing dl_flashctl.o(.ARM.exidx.text.DL_FlashCTL_massEraseFromRAM), (8 bytes).
    Removing dl_flashctl.o(.text.DL_FlashCTL_eraseDataBankFromRAM), (44 bytes).
    Removing dl_flashctl.o(.ARM.exidx.text.DL_FlashCTL_eraseDataBankFromRAM), (8 bytes).
    Removing dl_flashctl.o(.text.DL_FlashCTL_massEraseMultiBank), (352 bytes).
    Removing dl_flashctl.o(.ARM.exidx.text.DL_FlashCTL_massEraseMultiBank), (8 bytes).
    Removing dl_flashctl.o(.text.DL_FlashCTL_factoryReset), (260 bytes).
    Removing dl_flashctl.o(.ARM.exidx.text.DL_FlashCTL_factoryReset), (8 bytes).
    Removing dl_flashctl.o(.text.DL_FlashCTL_unprotectNonMainMemory), (12 bytes).
    Removing dl_flashctl.o(.ARM.exidx.text.DL_FlashCTL_unprotectNonMainMemory), (8 bytes).
    Removing dl_flashctl.o(.text.DL_FlashCTL_factoryResetFromRAM), (144 bytes).
    Removing dl_flashctl.o(.ARM.exidx.text.DL_FlashCTL_factoryResetFromRAM), (8 bytes).
    Removing dl_flashctl.o(.text.DL_FlashCTL_factoryResetMultiBank), (100 bytes).
    Removing dl_flashctl.o(.ARM.exidx.text.DL_FlashCTL_factoryResetMultiBank), (8 bytes).
    Removing dl_flashctl.o(.text.DL_FlashCTL_programMemory8), (30 bytes).
    Removing dl_flashctl.o(.ARM.exidx.text.DL_FlashCTL_programMemory8), (8 bytes).
    Removing dl_flashctl.o(.text.DL_FlashCTL_programMemoryFromRAM8), (36 bytes).
    Removing dl_flashctl.o(.ARM.exidx.text.DL_FlashCTL_programMemoryFromRAM8), (8 bytes).
    Removing dl_flashctl.o(.text.DL_FlashCTL_programMemory16), (32 bytes).
    Removing dl_flashctl.o(.ARM.exidx.text.DL_FlashCTL_programMemory16), (8 bytes).
    Removing dl_flashctl.o(.text.DL_FlashCTL_programMemoryFromRAM16), (40 bytes).
    Removing dl_flashctl.o(.ARM.exidx.text.DL_FlashCTL_programMemoryFromRAM16), (8 bytes).
    Removing dl_flashctl.o(.text.DL_FlashCTL_programMemory32), (32 bytes).
    Removing dl_flashctl.o(.ARM.exidx.text.DL_FlashCTL_programMemory32), (8 bytes).
    Removing dl_flashctl.o(.text.DL_FlashCTL_programMemoryFromRAM32), (40 bytes).
    Removing dl_flashctl.o(.ARM.exidx.text.DL_FlashCTL_programMemoryFromRAM32), (8 bytes).
    Removing dl_flashctl.o(.text.DL_FlashCTL_programMemory64), (36 bytes).
    Removing dl_flashctl.o(.ARM.exidx.text.DL_FlashCTL_programMemory64), (8 bytes).
    Removing dl_flashctl.o(.text.DL_FlashCTL_programMemoryFromRAM64), (44 bytes).
    Removing dl_flashctl.o(.ARM.exidx.text.DL_FlashCTL_programMemoryFromRAM64), (8 bytes).
    Removing dl_flashctl.o(.text.DL_FlashCTL_programMemory8WithECCGenerated), (34 bytes).
    Removing dl_flashctl.o(.ARM.exidx.text.DL_FlashCTL_programMemory8WithECCGenerated), (8 bytes).
    Removing dl_flashctl.o(.text.DL_FlashCTL_programMemoryFromRAM8WithECCGenerated), (40 bytes).
    Removing dl_flashctl.o(.ARM.exidx.text.DL_FlashCTL_programMemoryFromRAM8WithECCGenerated), (8 bytes).
    Removing dl_flashctl.o(.text.DL_FlashCTL_programMemory16WithECCGenerated), (34 bytes).
    Removing dl_flashctl.o(.ARM.exidx.text.DL_FlashCTL_programMemory16WithECCGenerated), (8 bytes).
    Removing dl_flashctl.o(.text.DL_FlashCTL_programMemoryFromRAM16WithECCGenerated), (40 bytes).
    Removing dl_flashctl.o(.ARM.exidx.text.DL_FlashCTL_programMemoryFromRAM16WithECCGenerated), (8 bytes).
    Removing dl_flashctl.o(.text.DL_FlashCTL_programMemory32WithECCGenerated), (34 bytes).
    Removing dl_flashctl.o(.ARM.exidx.text.DL_FlashCTL_programMemory32WithECCGenerated), (8 bytes).
    Removing dl_flashctl.o(.text.DL_FlashCTL_programMemoryFromRAM32WithECCGenerated), (40 bytes).
    Removing dl_flashctl.o(.ARM.exidx.text.DL_FlashCTL_programMemoryFromRAM32WithECCGenerated), (8 bytes).
    Removing dl_flashctl.o(.text.DL_FlashCTL_programMemory64WithECCGenerated), (40 bytes).
    Removing dl_flashctl.o(.ARM.exidx.text.DL_FlashCTL_programMemory64WithECCGenerated), (8 bytes).
    Removing dl_flashctl.o(.text.DL_FlashCTL_programMemoryFromRAM64WithECCGenerated), (48 bytes).
    Removing dl_flashctl.o(.ARM.exidx.text.DL_FlashCTL_programMemoryFromRAM64WithECCGenerated), (8 bytes).
    Removing dl_flashctl.o(.text.DL_FlashCTL_programMemory8WithECCManual), (56 bytes).
    Removing dl_flashctl.o(.ARM.exidx.text.DL_FlashCTL_programMemory8WithECCManual), (8 bytes).
    Removing dl_flashctl.o(.text.DL_FlashCTL_programMemoryFromRAM8WithECCManual), (52 bytes).
    Removing dl_flashctl.o(.ARM.exidx.text.DL_FlashCTL_programMemoryFromRAM8WithECCManual), (8 bytes).
    Removing dl_flashctl.o(.text.DL_FlashCTL_programMemory16WithECCManual), (56 bytes).
    Removing dl_flashctl.o(.ARM.exidx.text.DL_FlashCTL_programMemory16WithECCManual), (8 bytes).
    Removing dl_flashctl.o(.text.DL_FlashCTL_programMemoryFromRAM16WithECCManual), (52 bytes).
    Removing dl_flashctl.o(.ARM.exidx.text.DL_FlashCTL_programMemoryFromRAM16WithECCManual), (8 bytes).
    Removing dl_flashctl.o(.text.DL_FlashCTL_programMemory32WithECCManual), (56 bytes).
    Removing dl_flashctl.o(.ARM.exidx.text.DL_FlashCTL_programMemory32WithECCManual), (8 bytes).
    Removing dl_flashctl.o(.text.DL_FlashCTL_programMemoryFromRAM32WithECCManual), (52 bytes).
    Removing dl_flashctl.o(.ARM.exidx.text.DL_FlashCTL_programMemoryFromRAM32WithECCManual), (8 bytes).
    Removing dl_flashctl.o(.text.DL_FlashCTL_programMemory64WithECCManual), (60 bytes).
    Removing dl_flashctl.o(.ARM.exidx.text.DL_FlashCTL_programMemory64WithECCManual), (8 bytes).
    Removing dl_flashctl.o(.text.DL_FlashCTL_programMemoryFromRAM64WithECCManual), (56 bytes).
    Removing dl_flashctl.o(.ARM.exidx.text.DL_FlashCTL_programMemoryFromRAM64WithECCManual), (8 bytes).
    Removing dl_flashctl.o(.text.DL_FlashCTL_programMemoryBlocking64WithECCGenerated), (148 bytes).
    Removing dl_flashctl.o(.ARM.exidx.text.DL_FlashCTL_programMemoryBlocking64WithECCGenerated), (8 bytes).
    Removing dl_flashctl.o(.text.DL_FlashCTL_unprotectSector), (204 bytes).
    Removing dl_flashctl.o(.ARM.exidx.text.DL_FlashCTL_unprotectSector), (8 bytes).
    Removing dl_flashctl.o(.text.DL_FlashCTL_programMemoryBlockingFromRAM64WithECCGenerated), (112 bytes).
    Removing dl_flashctl.o(.ARM.exidx.text.DL_FlashCTL_programMemoryBlockingFromRAM64WithECCGenerated), (8 bytes).
    Removing dl_flashctl.o(.text.DL_FlashCTL_programMemoryBlocking64WithECCManual), (180 bytes).
    Removing dl_flashctl.o(.ARM.exidx.text.DL_FlashCTL_programMemoryBlocking64WithECCManual), (8 bytes).
    Removing dl_flashctl.o(.text.DL_FlashCTL_programMemoryBlockingFromRAM64WithECCManual), (132 bytes).
    Removing dl_flashctl.o(.ARM.exidx.text.DL_FlashCTL_programMemoryBlockingFromRAM64WithECCManual), (8 bytes).
    Removing dl_flashctl.o(.text.DL_FlashCTL_programMemoryBlocking), (172 bytes).
    Removing dl_flashctl.o(.ARM.exidx.text.DL_FlashCTL_programMemoryBlocking), (8 bytes).
    Removing dl_flashctl.o(.text.DL_FlashCTL_programMemoryFromRAM), (136 bytes).
    Removing dl_flashctl.o(.ARM.exidx.text.DL_FlashCTL_programMemoryFromRAM), (8 bytes).
    Removing dl_flashctl.o(.text.DL_FlashCTL_unprotectDataMemory), (20 bytes).
    Removing dl_flashctl.o(.ARM.exidx.text.DL_FlashCTL_unprotectDataMemory), (8 bytes).
    Removing dl_flashctl.o(.text.DL_FlashCTL_protectMainMemory), (20 bytes).
    Removing dl_flashctl.o(.ARM.exidx.text.DL_FlashCTL_protectMainMemory), (8 bytes).
    Removing dl_flashctl.o(.text.DL_FlashCTL_unprotectAllMemory), (32 bytes).
    Removing dl_flashctl.o(.ARM.exidx.text.DL_FlashCTL_unprotectAllMemory), (8 bytes).
    Removing dl_flashctl.o(.text.DL_FlashCTL_protectAllMemory), (36 bytes).
    Removing dl_flashctl.o(.ARM.exidx.text.DL_FlashCTL_protectAllMemory), (8 bytes).
    Removing dl_flashctl.o(.text.DL_FlashCTL_protectSector), (252 bytes).
    Removing dl_flashctl.o(.ARM.exidx.text.DL_FlashCTL_protectSector), (8 bytes).
    Removing dl_flashctl.o(.text.DL_FlashCTL_readVerify8), (32 bytes).
    Removing dl_flashctl.o(.ARM.exidx.text.DL_FlashCTL_readVerify8), (8 bytes).
    Removing dl_flashctl.o(.text.DL_FlashCTL_readVerify16), (32 bytes).
    Removing dl_flashctl.o(.ARM.exidx.text.DL_FlashCTL_readVerify16), (8 bytes).
    Removing dl_flashctl.o(.text.DL_FlashCTL_readVerify32), (34 bytes).
    Removing dl_flashctl.o(.ARM.exidx.text.DL_FlashCTL_readVerify32), (8 bytes).
    Removing dl_flashctl.o(.text.DL_FlashCTL_readVerify64), (38 bytes).
    Removing dl_flashctl.o(.ARM.exidx.text.DL_FlashCTL_readVerify64), (8 bytes).
    Removing dl_flashctl.o(.text.DL_FlashCTL_readVerifyFromRAM8), (40 bytes).
    Removing dl_flashctl.o(.ARM.exidx.text.DL_FlashCTL_readVerifyFromRAM8), (8 bytes).
    Removing dl_flashctl.o(.text.DL_FlashCTL_readVerifyFromRAM16), (36 bytes).
    Removing dl_flashctl.o(.ARM.exidx.text.DL_FlashCTL_readVerifyFromRAM16), (8 bytes).
    Removing dl_flashctl.o(.text.DL_FlashCTL_readVerifyFromRAM32), (40 bytes).
    Removing dl_flashctl.o(.ARM.exidx.text.DL_FlashCTL_readVerifyFromRAM32), (8 bytes).
    Removing dl_flashctl.o(.text.DL_FlashCTL_readVerifyFromRAM64), (44 bytes).
    Removing dl_flashctl.o(.ARM.exidx.text.DL_FlashCTL_readVerifyFromRAM64), (8 bytes).
    Removing dl_flashctl.o(.text.DL_FlashCTL_readVerifyFromRAM8WithECCGenerated), (40 bytes).
    Removing dl_flashctl.o(.ARM.exidx.text.DL_FlashCTL_readVerifyFromRAM8WithECCGenerated), (8 bytes).
    Removing dl_flashctl.o(.text.DL_FlashCTL_readVerifyFromRAM16WithECCGenerated), (40 bytes).
    Removing dl_flashctl.o(.ARM.exidx.text.DL_FlashCTL_readVerifyFromRAM16WithECCGenerated), (8 bytes).
    Removing dl_flashctl.o(.text.DL_FlashCTL_readVerifyFromRAM32WithECCGenerated), (40 bytes).
    Removing dl_flashctl.o(.ARM.exidx.text.DL_FlashCTL_readVerifyFromRAM32WithECCGenerated), (8 bytes).
    Removing dl_flashctl.o(.text.DL_FlashCTL_readVerifyFromRAM64WithECCGenerated), (48 bytes).
    Removing dl_flashctl.o(.ARM.exidx.text.DL_FlashCTL_readVerifyFromRAM64WithECCGenerated), (8 bytes).
    Removing dl_flashctl.o(.text.DL_FlashCTL_readVerifyFromRAM8WithECCManual), (52 bytes).
    Removing dl_flashctl.o(.ARM.exidx.text.DL_FlashCTL_readVerifyFromRAM8WithECCManual), (8 bytes).
    Removing dl_flashctl.o(.text.DL_FlashCTL_readVerifyFromRAM16WithECCManual), (52 bytes).
    Removing dl_flashctl.o(.ARM.exidx.text.DL_FlashCTL_readVerifyFromRAM16WithECCManual), (8 bytes).
    Removing dl_flashctl.o(.text.DL_FlashCTL_readVerifyFromRAM32WithECCManual), (52 bytes).
    Removing dl_flashctl.o(.ARM.exidx.text.DL_FlashCTL_readVerifyFromRAM32WithECCManual), (8 bytes).
    Removing dl_flashctl.o(.text.DL_FlashCTL_readVerifyFromRAM64WithECCManual), (56 bytes).
    Removing dl_flashctl.o(.ARM.exidx.text.DL_FlashCTL_readVerifyFromRAM64WithECCManual), (8 bytes).
    Removing dl_flashctl.o(.text.DL_FlashCTL_readVerify8WithECCGenerated), (36 bytes).
    Removing dl_flashctl.o(.ARM.exidx.text.DL_FlashCTL_readVerify8WithECCGenerated), (8 bytes).
    Removing dl_flashctl.o(.text.DL_FlashCTL_readVerify16WithECCGenerated), (36 bytes).
    Removing dl_flashctl.o(.ARM.exidx.text.DL_FlashCTL_readVerify16WithECCGenerated), (8 bytes).
    Removing dl_flashctl.o(.text.DL_FlashCTL_readVerify32WithECCGenerated), (36 bytes).
    Removing dl_flashctl.o(.ARM.exidx.text.DL_FlashCTL_readVerify32WithECCGenerated), (8 bytes).
    Removing dl_flashctl.o(.text.DL_FlashCTL_readVerify64WithECCGenerated), (44 bytes).
    Removing dl_flashctl.o(.ARM.exidx.text.DL_FlashCTL_readVerify64WithECCGenerated), (8 bytes).
    Removing dl_flashctl.o(.text.DL_FlashCTL_readVerify8WithECCManual), (48 bytes).
    Removing dl_flashctl.o(.ARM.exidx.text.DL_FlashCTL_readVerify8WithECCManual), (8 bytes).
    Removing dl_flashctl.o(.text.DL_FlashCTL_readVerify16WithECCManual), (48 bytes).
    Removing dl_flashctl.o(.ARM.exidx.text.DL_FlashCTL_readVerify16WithECCManual), (8 bytes).
    Removing dl_flashctl.o(.text.DL_FlashCTL_readVerify32WithECCManual), (48 bytes).
    Removing dl_flashctl.o(.ARM.exidx.text.DL_FlashCTL_readVerify32WithECCManual), (8 bytes).
    Removing dl_flashctl.o(.text.DL_FlashCTL_readVerify64WithECCManual), (52 bytes).
    Removing dl_flashctl.o(.ARM.exidx.text.DL_FlashCTL_readVerify64WithECCManual), (8 bytes).
    Removing dl_flashctl.o(.text.DL_FlashCTL_blankVerify), (24 bytes).
    Removing dl_flashctl.o(.ARM.exidx.text.DL_FlashCTL_blankVerify), (8 bytes).
    Removing dl_flashctl.o(.text.DL_FlashCTL_blankVerifyFromRAM), (24 bytes).
    Removing dl_flashctl.o(.ARM.exidx.text.DL_FlashCTL_blankVerifyFromRAM), (8 bytes).
    Removing dl_dma.o(.text), (0 bytes).
    Removing dl_dma.o(.text.DL_DMA_initChannel), (68 bytes).
    Removing dl_dma.o(.ARM.exidx.text.DL_DMA_initChannel), (8 bytes).
    Removing dl_dac12.o(.text), (0 bytes).
    Removing dl_dac12.o(.text.DL_DAC12_init), (140 bytes).
    Removing dl_dac12.o(.ARM.exidx.text.DL_DAC12_init), (8 bytes).
    Removing dl_dac12.o(.text.DL_DAC12_outputBlocking8), (48 bytes).
    Removing dl_dac12.o(.ARM.exidx.text.DL_DAC12_outputBlocking8), (8 bytes).
    Removing dl_dac12.o(.text.DL_DAC12_outputBlocking12), (56 bytes).
    Removing dl_dac12.o(.ARM.exidx.text.DL_DAC12_outputBlocking12), (8 bytes).
    Removing dl_dac12.o(.text.DL_DAC12_fillFIFO8), (160 bytes).
    Removing dl_dac12.o(.ARM.exidx.text.DL_DAC12_fillFIFO8), (8 bytes).
    Removing dl_dac12.o(.text.DL_DAC12_fillFIFO12), (56 bytes).
    Removing dl_dac12.o(.ARM.exidx.text.DL_DAC12_fillFIFO12), (8 bytes).
    Removing dl_dac12.o(.text.DL_DAC12_performSelfCalibrationBlocking), (36 bytes).
    Removing dl_dac12.o(.ARM.exidx.text.DL_DAC12_performSelfCalibrationBlocking), (8 bytes).
    Removing dl_crcp.o(.text), (0 bytes).
    Removing dl_crc.o(.text), (0 bytes).
    Removing dl_crc.o(.text.DL_CRC_calculateBlock32), (92 bytes).
    Removing dl_crc.o(.ARM.exidx.text.DL_CRC_calculateBlock32), (8 bytes).
    Removing dl_crc.o(.text.DL_CRC_calculateMemoryRange32), (52 bytes).
    Removing dl_crc.o(.ARM.exidx.text.DL_CRC_calculateMemoryRange32), (8 bytes).
    Removing dl_crc.o(.text.DL_CRC_calculateBlock16), (156 bytes).
    Removing dl_crc.o(.ARM.exidx.text.DL_CRC_calculateBlock16), (8 bytes).
    Removing dl_crc.o(.text.DL_CRC_calculateMemoryRange16), (104 bytes).
    Removing dl_crc.o(.ARM.exidx.text.DL_CRC_calculateMemoryRange16), (8 bytes).
    Removing dl_common.o(.text), (0 bytes).
    Removing dl_common.o(.ARM.exidx.text.DL_Common_delayCycles), (8 bytes).
    Removing dl_aesadv.o(.text), (0 bytes).
    Removing dl_aes.o(.text), (0 bytes).
    Removing dl_aes.o(.text.DL_AES_setKey), (72 bytes).
    Removing dl_aes.o(.ARM.exidx.text.DL_AES_setKey), (8 bytes).
    Removing dl_aes.o(.text.DL_AES_setKeyAligned), (56 bytes).
    Removing dl_aes.o(.ARM.exidx.text.DL_AES_setKeyAligned), (8 bytes).
    Removing dl_aes.o(.text.DL_AES_loadDataIn), (40 bytes).
    Removing dl_aes.o(.ARM.exidx.text.DL_AES_loadDataIn), (8 bytes).
    Removing dl_aes.o(.text.DL_AES_loadDataInAligned), (24 bytes).
    Removing dl_aes.o(.ARM.exidx.text.DL_AES_loadDataInAligned), (8 bytes).
    Removing dl_aes.o(.text.DL_AES_getDataOut), (36 bytes).
    Removing dl_aes.o(.ARM.exidx.text.DL_AES_getDataOut), (8 bytes).
    Removing dl_aes.o(.text.DL_AES_getDataOutAligned), (24 bytes).
    Removing dl_aes.o(.ARM.exidx.text.DL_AES_getDataOutAligned), (8 bytes).
    Removing dl_aes.o(.text.DL_AES_loadXORDataIn), (40 bytes).
    Removing dl_aes.o(.ARM.exidx.text.DL_AES_loadXORDataIn), (8 bytes).
    Removing dl_aes.o(.text.DL_AES_loadXORDataInAligned), (24 bytes).
    Removing dl_aes.o(.ARM.exidx.text.DL_AES_loadXORDataInAligned), (8 bytes).
    Removing dl_aes.o(.text.DL_AES_loadXORDataInWithoutTrigger), (40 bytes).
    Removing dl_aes.o(.ARM.exidx.text.DL_AES_loadXORDataInWithoutTrigger), (8 bytes).
    Removing dl_aes.o(.text.DL_AES_loadXORDataInWithoutTriggerAligned), (24 bytes).
    Removing dl_aes.o(.ARM.exidx.text.DL_AES_loadXORDataInWithoutTriggerAligned), (8 bytes).
    Removing dl_aes.o(.text.DL_AES_xorData), (52 bytes).
    Removing dl_aes.o(.ARM.exidx.text.DL_AES_xorData), (8 bytes).
    Removing dl_aes.o(.text.DL_AES_xorDataAligned), (36 bytes).
    Removing dl_aes.o(.ARM.exidx.text.DL_AES_xorDataAligned), (8 bytes).
    Removing dl_aes.o(.text.DL_AES_saveConfiguration), (80 bytes).
    Removing dl_aes.o(.ARM.exidx.text.DL_AES_saveConfiguration), (8 bytes).
    Removing dl_aes.o(.text.DL_AES_restoreConfiguration), (84 bytes).
    Removing dl_aes.o(.ARM.exidx.text.DL_AES_restoreConfiguration), (8 bytes).
    Removing dl_adc12.o(.text), (0 bytes).
    Removing dl_adc12.o(.text.DL_ADC12_setClockConfig), (64 bytes).
    Removing dl_adc12.o(.ARM.exidx.text.DL_ADC12_setClockConfig), (8 bytes).
    Removing dl_adc12.o(.text.DL_ADC12_getClockConfig), (40 bytes).
    Removing dl_adc12.o(.ARM.exidx.text.DL_ADC12_getClockConfig), (8 bytes).
    Removing servo.o(.text), (0 bytes).
    Removing servo.o(.text.setServoPWM), (44 bytes).
    Removing servo.o(.ARM.exidx.text.setServoPWM), (8 bytes).
    Removing servo.o(.ARM.exidx.text.setDirection), (8 bytes).
    Removing servo.o(.bss.derection), (4 bytes).
    Removing motor.o(.text), (0 bytes).
    Removing motor.o(.text.Velocity_A), (116 bytes).
    Removing motor.o(.ARM.exidx.text.Velocity_A), (8 bytes).
    Removing motor.o(.text.Velocity_B), (116 bytes).
    Removing motor.o(.ARM.exidx.text.Velocity_B), (8 bytes).
    Removing motor.o(.ARM.exidx.text.SetMotorPWM), (8 bytes).
    Removing motor.o(.data.Velcity_Kp), (4 bytes).
    Removing motor.o(.data.Velcity_Ki), (4 bytes).
    Removing motor.o(.bss.Velocity_A.ControlVelocityA), (4 bytes).
    Removing motor.o(.bss.Velocity_A.Last_biasA), (4 bytes).
    Removing motor.o(.bss.Velocity_B.ControlVelocityB), (4 bytes).
    Removing motor.o(.bss.Velocity_B.Last_biasB), (4 bytes).
    Removing motor.o(.bss.Velcity_Kd), (4 bytes).
    Removing fadd.o(.text), (178 bytes).
    Removing fmul.o(.text), (122 bytes).
    Removing fflti.o(.text), (22 bytes).
    Removing ffixi.o(.text), (50 bytes).
    Removing fepilogue.o(.text), (130 bytes).

644 unused section(s) (total 23330 bytes) removed from the image.

==============================================================================

Image Symbol Table

    Local Symbols

    Symbol Name                              Value     Ov Type        Size  Object(Section)

    ../clib/division.s                       0x00000000   Number         0  aeabi_sdivfast.o ABSOLUTE
    ../clib/division.s                       0x00000000   Number         0  aeabi_sdivfast_div0.o ABSOLUTE
    ../clib/microlib/division.c              0x00000000   Number         0  uidiv.o ABSOLUTE
    ../clib/microlib/division.c              0x00000000   Number         0  uidiv_div0.o ABSOLUTE
    ../clib/microlib/division.c              0x00000000   Number         0  idiv_div0.o ABSOLUTE
    ../clib/microlib/division.c              0x00000000   Number         0  idiv0.o ABSOLUTE
    ../clib/microlib/init/entry.s            0x00000000   Number         0  entry.o ABSOLUTE
    ../clib/microlib/init/entry.s            0x00000000   Number         0  entry2.o ABSOLUTE
    ../clib/microlib/init/entry.s            0x00000000   Number         0  entry5.o ABSOLUTE
    ../clib/microlib/init/entry.s            0x00000000   Number         0  entry7a.o ABSOLUTE
    ../clib/microlib/init/entry.s            0x00000000   Number         0  entry7b.o ABSOLUTE
    ../clib/microlib/init/entry.s            0x00000000   Number         0  entry8a.o ABSOLUTE
    ../clib/microlib/init/entry.s            0x00000000   Number         0  entry8b.o ABSOLUTE
    ../clib/microlib/init/entry.s            0x00000000   Number         0  entry9a.o ABSOLUTE
    ../clib/microlib/init/entry.s            0x00000000   Number         0  entry9b.o ABSOLUTE
    ../clib/microlib/init/entry.s            0x00000000   Number         0  entry10a.o ABSOLUTE
    ../clib/microlib/init/entry.s            0x00000000   Number         0  entry10b.o ABSOLUTE
    ../clib/microlib/init/entry.s            0x00000000   Number         0  entry11a.o ABSOLUTE
    ../clib/microlib/init/entry.s            0x00000000   Number         0  entry11b.o ABSOLUTE
    ../clib/microlib/stdio/puts.c            0x00000000   Number         0  puts.o ABSOLUTE
    ../clib/microlib/stdio/puts.c            0x00000000   Number         0  puts_e.o ABSOLUTE
    ../clib/microlib/stdio/streams.c         0x00000000   Number         0  stdout.o ABSOLUTE
    ../clib/microlib/stubs.s                 0x00000000   Number         0  iusefp.o ABSOLUTE
    ../fplib/microlib/fpadd.c                0x00000000   Number         0  fadd.o ABSOLUTE
    ../fplib/microlib/fpepilogue.c           0x00000000   Number         0  fepilogue.o ABSOLUTE
    ../fplib/microlib/fpfix.c                0x00000000   Number         0  ffixi.o ABSOLUTE
    ../fplib/microlib/fpflt.c                0x00000000   Number         0  fflti.o ABSOLUTE
    ../fplib/microlib/fpmul.c                0x00000000   Number         0  fmul.o ABSOLUTE
    board.c                                  0x00000000   Number         0  board.o ABSOLUTE
    dc.s                                     0x00000000   Number         0  dc.o ABSOLUTE
    dl_adc12.c                               0x00000000   Number         0  dl_adc12.o ABSOLUTE
    dl_aes.c                                 0x00000000   Number         0  dl_aes.o ABSOLUTE
    dl_aesadv.c                              0x00000000   Number         0  dl_aesadv.o ABSOLUTE
    dl_common.c                              0x00000000   Number         0  dl_common.o ABSOLUTE
    dl_crc.c                                 0x00000000   Number         0  dl_crc.o ABSOLUTE
    dl_crcp.c                                0x00000000   Number         0  dl_crcp.o ABSOLUTE
    dl_dac12.c                               0x00000000   Number         0  dl_dac12.o ABSOLUTE
    dl_dma.c                                 0x00000000   Number         0  dl_dma.o ABSOLUTE
    dl_flashctl.c                            0x00000000   Number         0  dl_flashctl.o ABSOLUTE
    dl_i2c.c                                 0x00000000   Number         0  dl_i2c.o ABSOLUTE
    dl_keystorectl.c                         0x00000000   Number         0  dl_keystorectl.o ABSOLUTE
    dl_lcd.c                                 0x00000000   Number         0  dl_lcd.o ABSOLUTE
    dl_lfss.c                                0x00000000   Number         0  dl_lfss.o ABSOLUTE
    dl_mathacl.c                             0x00000000   Number         0  dl_mathacl.o ABSOLUTE
    dl_mcan.c                                0x00000000   Number         0  dl_mcan.o ABSOLUTE
    dl_opa.c                                 0x00000000   Number         0  dl_opa.o ABSOLUTE
    dl_rtc_common.c                          0x00000000   Number         0  dl_rtc_common.o ABSOLUTE
    dl_spi.c                                 0x00000000   Number         0  dl_spi.o ABSOLUTE
    dl_timer.c                               0x00000000   Number         0  dl_timer.o ABSOLUTE
    dl_trng.c                                0x00000000   Number         0  dl_trng.o ABSOLUTE
    dl_uart.c                                0x00000000   Number         0  dl_uart.o ABSOLUTE
    dl_vref.c                                0x00000000   Number         0  dl_vref.o ABSOLUTE
    empty.c                                  0x00000000   Number         0  empty.o ABSOLUTE
    handlers.s                               0x00000000   Number         0  handlers.o ABSOLUTE
    init.s                                   0x00000000   Number         0  init.o ABSOLUTE
    motor.c                                  0x00000000   Number         0  motor.o ABSOLUTE
    servo.c                                  0x00000000   Number         0  servo.o ABSOLUTE
    startup_mspm0g350x_uvision.s             0x00000000   Number         0  startup_mspm0g350x_uvision.o ABSOLUTE
    ti_msp_dl_config.c                       0x00000000   Number         0  ti_msp_dl_config.o ABSOLUTE
    RESET                                    0x00000000   Section      192  startup_mspm0g350x_uvision.o(RESET)
    .ARM.Collect$$$$00000000                 0x000000c0   Section        0  entry.o(.ARM.Collect$$$$00000000)
    .ARM.Collect$$$$00000001                 0x000000c0   Section        4  entry2.o(.ARM.Collect$$$$00000001)
    .ARM.Collect$$$$00000004                 0x000000c4   Section        4  entry5.o(.ARM.Collect$$$$00000004)
    .ARM.Collect$$$$00000008                 0x000000c8   Section        0  entry7b.o(.ARM.Collect$$$$00000008)
    .ARM.Collect$$$$0000000A                 0x000000c8   Section        0  entry8b.o(.ARM.Collect$$$$0000000A)
    .ARM.Collect$$$$0000000B                 0x000000c8   Section        8  entry9a.o(.ARM.Collect$$$$0000000B)
    __lit__00000000                          0x000000d0   Data           4  entry2.o(.ARM.Collect$$$$00002712)
    .ARM.Collect$$$$0000000D                 0x000000d0   Section        0  entry10a.o(.ARM.Collect$$$$0000000D)
    .ARM.Collect$$$$0000000F                 0x000000d0   Section        0  entry11a.o(.ARM.Collect$$$$0000000F)
    .ARM.Collect$$$$00002712                 0x000000d0   Section        4  entry2.o(.ARM.Collect$$$$00002712)
    .text                                    0x000000d4   Section       20  startup_mspm0g350x_uvision.o(.text)
    .text                                    0x000000e8   Section       48  init.o(.text)
    [Anonymous Symbol]                       0x00000118   Section        0  dl_common.o(.text.DL_Common_delayCycles)
    [Anonymous Symbol]                       0x00000124   Section        0  dl_timer.o(.text.DL_TimerA_initPWMMode)
    __arm_cp.31_0                            0x0000019c   Number         4  dl_timer.o(.text.DL_TimerA_initPWMMode)
    __arm_cp.31_1                            0x000001a0   Number         4  dl_timer.o(.text.DL_TimerA_initPWMMode)
    __arm_cp.31_2                            0x000001a4   Number         4  dl_timer.o(.text.DL_TimerA_initPWMMode)
    [Anonymous Symbol]                       0x000001a8   Section        0  dl_timer.o(.text.DL_Timer_initPWMMode)
    __arm_cp.11_0                            0x00000264   Number         4  dl_timer.o(.text.DL_Timer_initPWMMode)
    __arm_cp.11_1                            0x00000268   Number         4  dl_timer.o(.text.DL_Timer_initPWMMode)
    __arm_cp.11_4                            0x0000026c   Number         4  dl_timer.o(.text.DL_Timer_initPWMMode)
    __arm_cp.11_5                            0x00000270   Number         4  dl_timer.o(.text.DL_Timer_initPWMMode)
    __arm_cp.11_6                            0x00000274   Number         4  dl_timer.o(.text.DL_Timer_initPWMMode)
    __arm_cp.11_7                            0x00000278   Number         4  dl_timer.o(.text.DL_Timer_initPWMMode)
    __arm_cp.11_8                            0x0000027c   Number         4  dl_timer.o(.text.DL_Timer_initPWMMode)
    __arm_cp.11_9                            0x00000280   Number         4  dl_timer.o(.text.DL_Timer_initPWMMode)
    [Anonymous Symbol]                       0x00000284   Section        0  dl_timer.o(.text.DL_Timer_setCaptCompUpdateMethod)
    __arm_cp.18_0                            0x0000029c   Number         4  dl_timer.o(.text.DL_Timer_setCaptCompUpdateMethod)
    [Anonymous Symbol]                       0x000002a0   Section        0  dl_timer.o(.text.DL_Timer_setCaptureCompareOutCtl)
    __arm_cp.13_0                            0x000002b4   Number         4  dl_timer.o(.text.DL_Timer_setCaptureCompareOutCtl)
    [Anonymous Symbol]                       0x000002b8   Section        0  dl_timer.o(.text.DL_Timer_setCaptureCompareValue)
    __arm_cp.3_0                             0x000002c4   Number         4  dl_timer.o(.text.DL_Timer_setCaptureCompareValue)
    [Anonymous Symbol]                       0x000002c8   Section        0  dl_timer.o(.text.DL_Timer_setClockConfig)
    __arm_cp.0_0                             0x000002e0   Number         4  dl_timer.o(.text.DL_Timer_setClockConfig)
    [Anonymous Symbol]                       0x000002e4   Section        0  dl_uart.o(.text.DL_UART_init)
    __arm_cp.0_0                             0x00000324   Number         4  dl_uart.o(.text.DL_UART_init)
    __arm_cp.0_1                             0x00000328   Number         4  dl_uart.o(.text.DL_UART_init)
    [Anonymous Symbol]                       0x0000032c   Section        0  dl_uart.o(.text.DL_UART_setClockConfig)
    [Anonymous Symbol]                       0x00000340   Section        0  ti_msp_dl_config.o(.text.SYSCFG_DL_GPIO_init)
    __arm_cp.2_0                             0x000003a4   Number         4  ti_msp_dl_config.o(.text.SYSCFG_DL_GPIO_init)
    __arm_cp.2_1                             0x000003a8   Number         4  ti_msp_dl_config.o(.text.SYSCFG_DL_GPIO_init)
    __arm_cp.2_2                             0x000003ac   Number         4  ti_msp_dl_config.o(.text.SYSCFG_DL_GPIO_init)
    __arm_cp.2_3                             0x000003b0   Number         4  ti_msp_dl_config.o(.text.SYSCFG_DL_GPIO_init)
    __arm_cp.2_4                             0x000003b4   Number         4  ti_msp_dl_config.o(.text.SYSCFG_DL_GPIO_init)
    __arm_cp.2_5                             0x000003b8   Number         4  ti_msp_dl_config.o(.text.SYSCFG_DL_GPIO_init)
    [Anonymous Symbol]                       0x000003bc   Section        0  ti_msp_dl_config.o(.text.SYSCFG_DL_PWM_MOTOR_A_init)
    __arm_cp.5_1                             0x00000404   Number         4  ti_msp_dl_config.o(.text.SYSCFG_DL_PWM_MOTOR_A_init)
    __arm_cp.5_2                             0x00000408   Number         4  ti_msp_dl_config.o(.text.SYSCFG_DL_PWM_MOTOR_A_init)
    __arm_cp.5_3                             0x0000040c   Number         4  ti_msp_dl_config.o(.text.SYSCFG_DL_PWM_MOTOR_A_init)
    [Anonymous Symbol]                       0x00000410   Section        0  ti_msp_dl_config.o(.text.SYSCFG_DL_PWM_MOTOR_B_init)
    __arm_cp.6_1                             0x00000458   Number         4  ti_msp_dl_config.o(.text.SYSCFG_DL_PWM_MOTOR_B_init)
    __arm_cp.6_2                             0x0000045c   Number         4  ti_msp_dl_config.o(.text.SYSCFG_DL_PWM_MOTOR_B_init)
    __arm_cp.6_3                             0x00000460   Number         4  ti_msp_dl_config.o(.text.SYSCFG_DL_PWM_MOTOR_B_init)
    [Anonymous Symbol]                       0x00000464   Section        0  ti_msp_dl_config.o(.text.SYSCFG_DL_PWM_SERVO_init)
    __arm_cp.4_1                             0x000004ac   Number         4  ti_msp_dl_config.o(.text.SYSCFG_DL_PWM_SERVO_init)
    __arm_cp.4_2                             0x000004b0   Number         4  ti_msp_dl_config.o(.text.SYSCFG_DL_PWM_SERVO_init)
    __arm_cp.4_3                             0x000004b4   Number         4  ti_msp_dl_config.o(.text.SYSCFG_DL_PWM_SERVO_init)
    [Anonymous Symbol]                       0x000004b8   Section        0  ti_msp_dl_config.o(.text.SYSCFG_DL_SYSCTL_init)
    __arm_cp.3_0                             0x000004ec   Number         4  ti_msp_dl_config.o(.text.SYSCFG_DL_SYSCTL_init)
    __arm_cp.3_1                             0x000004f0   Number         4  ti_msp_dl_config.o(.text.SYSCFG_DL_SYSCTL_init)
    [Anonymous Symbol]                       0x000004f4   Section        0  ti_msp_dl_config.o(.text.SYSCFG_DL_SYSTICK_init)
    __arm_cp.8_0                             0x0000050c   Number         4  ti_msp_dl_config.o(.text.SYSCFG_DL_SYSTICK_init)
    __arm_cp.8_1                             0x00000510   Number         4  ti_msp_dl_config.o(.text.SYSCFG_DL_SYSTICK_init)
    [Anonymous Symbol]                       0x00000514   Section        0  ti_msp_dl_config.o(.text.SYSCFG_DL_UART_0_init)
    __arm_cp.7_0                             0x00000568   Number         4  ti_msp_dl_config.o(.text.SYSCFG_DL_UART_0_init)
    __arm_cp.7_1                             0x0000056c   Number         4  ti_msp_dl_config.o(.text.SYSCFG_DL_UART_0_init)
    __arm_cp.7_2                             0x00000570   Number         4  ti_msp_dl_config.o(.text.SYSCFG_DL_UART_0_init)
    __arm_cp.7_3                             0x00000574   Number         4  ti_msp_dl_config.o(.text.SYSCFG_DL_UART_0_init)
    __arm_cp.7_4                             0x00000578   Number         4  ti_msp_dl_config.o(.text.SYSCFG_DL_UART_0_init)
    __arm_cp.7_5                             0x0000057c   Number         4  ti_msp_dl_config.o(.text.SYSCFG_DL_UART_0_init)
    [Anonymous Symbol]                       0x00000580   Section        0  ti_msp_dl_config.o(.text.SYSCFG_DL_init)
    __arm_cp.0_0                             0x000005b4   Number         4  ti_msp_dl_config.o(.text.SYSCFG_DL_init)
    __arm_cp.0_1                             0x000005b8   Number         4  ti_msp_dl_config.o(.text.SYSCFG_DL_init)
    [Anonymous Symbol]                       0x000005bc   Section        0  ti_msp_dl_config.o(.text.SYSCFG_DL_initPower)
    __arm_cp.1_0                             0x000005f0   Number         4  ti_msp_dl_config.o(.text.SYSCFG_DL_initPower)
    __arm_cp.1_1                             0x000005f4   Number         4  ti_msp_dl_config.o(.text.SYSCFG_DL_initPower)
    __arm_cp.1_2                             0x000005f8   Number         4  ti_msp_dl_config.o(.text.SYSCFG_DL_initPower)
    __arm_cp.1_3                             0x000005fc   Number         4  ti_msp_dl_config.o(.text.SYSCFG_DL_initPower)
    __arm_cp.1_4                             0x00000600   Number         4  ti_msp_dl_config.o(.text.SYSCFG_DL_initPower)
    __arm_cp.1_5                             0x00000604   Number         4  ti_msp_dl_config.o(.text.SYSCFG_DL_initPower)
    __arm_cp.1_6                             0x00000608   Number         4  ti_msp_dl_config.o(.text.SYSCFG_DL_initPower)
    __arm_cp.1_7                             0x0000060c   Number         4  ti_msp_dl_config.o(.text.SYSCFG_DL_initPower)
    [Anonymous Symbol]                       0x00000610   Section        0  motor.o(.text.SetMotorPWM)
    __arm_cp.2_0                             0x00000658   Number         4  motor.o(.text.SetMotorPWM)
    __arm_cp.2_1                             0x0000065c   Number         4  motor.o(.text.SetMotorPWM)
    __arm_cp.2_2                             0x00000660   Number         4  motor.o(.text.SetMotorPWM)
    [Anonymous Symbol]                       0x00000664   Section        0  board.o(.text.UART0_IRQHandler)
    __arm_cp.8_0                             0x000006b0   Number         4  board.o(.text.UART0_IRQHandler)
    __arm_cp.8_1                             0x000006b4   Number         4  board.o(.text.UART0_IRQHandler)
    __arm_cp.8_2                             0x000006b8   Number         4  board.o(.text.UART0_IRQHandler)
    __arm_cp.8_3                             0x000006bc   Number         4  board.o(.text.UART0_IRQHandler)
    __arm_cp.8_4                             0x000006c0   Number         4  board.o(.text.UART0_IRQHandler)
    [Anonymous Symbol]                       0x000006c4   Section        0  board.o(.text.delay_ms)
    __arm_cp.2_0                             0x00000708   Number         4  board.o(.text.delay_ms)
    [Anonymous Symbol]                       0x0000070c   Section        0  empty.o(.text.main)
    [Anonymous Symbol]                       0x0000073c   Section        0  servo.o(.text.setDirection)
    __arm_cp.1_0                             0x00000760   Number         4  servo.o(.text.setDirection)
    __arm_cp.1_1                             0x00000764   Number         4  servo.o(.text.setDirection)
    __arm_cp.1_2                             0x00000768   Number         4  servo.o(.text.setDirection)
    __arm_cp.1_3                             0x0000076c   Number         4  servo.o(.text.setDirection)
    i.__scatterload_copy                     0x00000770   Section       14  handlers.o(i.__scatterload_copy)
    i.__scatterload_null                     0x00000780   Section        2  handlers.o(i.__scatterload_null)
    i.__scatterload_zeroinit                 0x00000788   Section       14  handlers.o(i.__scatterload_zeroinit)
    gPWM_MOTOR_AClockConfig                  0x00000796   Data           3  ti_msp_dl_config.o(.rodata.gPWM_MOTOR_AClockConfig)
    [Anonymous Symbol]                       0x00000796   Section        0  ti_msp_dl_config.o(.rodata.gPWM_MOTOR_AClockConfig)
    gPWM_MOTOR_AConfig                       0x0000079c   Data           8  ti_msp_dl_config.o(.rodata.gPWM_MOTOR_AConfig)
    [Anonymous Symbol]                       0x0000079c   Section        0  ti_msp_dl_config.o(.rodata.gPWM_MOTOR_AConfig)
    gPWM_MOTOR_BClockConfig                  0x000007a4   Data           3  ti_msp_dl_config.o(.rodata.gPWM_MOTOR_BClockConfig)
    [Anonymous Symbol]                       0x000007a4   Section        0  ti_msp_dl_config.o(.rodata.gPWM_MOTOR_BClockConfig)
    gPWM_MOTOR_BConfig                       0x000007a8   Data           8  ti_msp_dl_config.o(.rodata.gPWM_MOTOR_BConfig)
    [Anonymous Symbol]                       0x000007a8   Section        0  ti_msp_dl_config.o(.rodata.gPWM_MOTOR_BConfig)
    gPWM_SERVOClockConfig                    0x000007b0   Data           3  ti_msp_dl_config.o(.rodata.gPWM_SERVOClockConfig)
    [Anonymous Symbol]                       0x000007b0   Section        0  ti_msp_dl_config.o(.rodata.gPWM_SERVOClockConfig)
    gPWM_SERVOConfig                         0x000007b4   Data           8  ti_msp_dl_config.o(.rodata.gPWM_SERVOConfig)
    [Anonymous Symbol]                       0x000007b4   Section        0  ti_msp_dl_config.o(.rodata.gPWM_SERVOConfig)
    gUART_0ClockConfig                       0x000007bc   Data           2  ti_msp_dl_config.o(.rodata.gUART_0ClockConfig)
    [Anonymous Symbol]                       0x000007bc   Section        0  ti_msp_dl_config.o(.rodata.gUART_0ClockConfig)
    gUART_0Config                            0x000007be   Data          10  ti_msp_dl_config.o(.rodata.gUART_0Config)
    [Anonymous Symbol]                       0x000007be   Section        0  ti_msp_dl_config.o(.rodata.gUART_0Config)
    STACK                                    0x202001b8   Section      256  startup_mspm0g350x_uvision.o(STACK)

    Global Symbols

    Symbol Name                              Value     Ov Type        Size  Object(Section)

    BuildAttributes$$THM_ISAv3M$S$PE$A:L22$X:L11$S22$IEEE1$IW$~IW$USESV6$~STKCKD$USESV7$~SHL$OTIME$ROPI$EBA8$MICROLIB$REQ8$PRES8$EABIv2 0x00000000   Number         0  anon$$obj.o ABSOLUTE
    __Vectors                                0x00000000   Data           4  startup_mspm0g350x_uvision.o(RESET)
    __cpp_initialize__aeabi_                  - Undefined Weak Reference
    __cxa_finalize                            - Undefined Weak Reference
    __decompress                              - Undefined Weak Reference
    _clock_init                               - Undefined Weak Reference
    _microlib_exit                            - Undefined Weak Reference
    __Vectors_End                            0x000000c0   Data           0  startup_mspm0g350x_uvision.o(RESET)
    __Vectors_Size                           0x000000c0   Number         0  startup_mspm0g350x_uvision.o ABSOLUTE
    __main                                   0x000000c1   Thumb Code     0  entry.o(.ARM.Collect$$$$00000000)
    _main_stk                                0x000000c1   Thumb Code     0  entry2.o(.ARM.Collect$$$$00000001)
    _main_scatterload                        0x000000c5   Thumb Code     0  entry5.o(.ARM.Collect$$$$00000004)
    __main_after_scatterload                 0x000000c9   Thumb Code     0  entry5.o(.ARM.Collect$$$$00000004)
    _main_clock                              0x000000c9   Thumb Code     0  entry7b.o(.ARM.Collect$$$$00000008)
    _main_cpp_init                           0x000000c9   Thumb Code     0  entry8b.o(.ARM.Collect$$$$0000000A)
    _main_init                               0x000000c9   Thumb Code     0  entry9a.o(.ARM.Collect$$$$0000000B)
    __rt_final_cpp                           0x000000d1   Thumb Code     0  entry10a.o(.ARM.Collect$$$$0000000D)
    __rt_final_exit                          0x000000d1   Thumb Code     0  entry11a.o(.ARM.Collect$$$$0000000F)
    Reset_Handler                            0x000000d5   Thumb Code     4  startup_mspm0g350x_uvision.o(.text)
    NMI_Handler                              0x000000d9   Thumb Code     2  startup_mspm0g350x_uvision.o(.text)
    HardFault_Handler                        0x000000db   Thumb Code     2  startup_mspm0g350x_uvision.o(.text)
    SVC_Handler                              0x000000dd   Thumb Code     2  startup_mspm0g350x_uvision.o(.text)
    PendSV_Handler                           0x000000df   Thumb Code     2  startup_mspm0g350x_uvision.o(.text)
    SysTick_Handler                          0x000000e1   Thumb Code     2  startup_mspm0g350x_uvision.o(.text)
    ADC0_IRQHandler                          0x000000e3   Thumb Code     0  startup_mspm0g350x_uvision.o(.text)
    ADC1_IRQHandler                          0x000000e3   Thumb Code     0  startup_mspm0g350x_uvision.o(.text)
    AES_IRQHandler                           0x000000e3   Thumb Code     0  startup_mspm0g350x_uvision.o(.text)
    CANFD0_IRQHandler                        0x000000e3   Thumb Code     0  startup_mspm0g350x_uvision.o(.text)
    DAC0_IRQHandler                          0x000000e3   Thumb Code     0  startup_mspm0g350x_uvision.o(.text)
    DMA_IRQHandler                           0x000000e3   Thumb Code     0  startup_mspm0g350x_uvision.o(.text)
    Default_Handler                          0x000000e3   Thumb Code     2  startup_mspm0g350x_uvision.o(.text)
    GROUP0_IRQHandler                        0x000000e3   Thumb Code     0  startup_mspm0g350x_uvision.o(.text)
    GROUP1_IRQHandler                        0x000000e3   Thumb Code     0  startup_mspm0g350x_uvision.o(.text)
    I2C0_IRQHandler                          0x000000e3   Thumb Code     0  startup_mspm0g350x_uvision.o(.text)
    I2C1_IRQHandler                          0x000000e3   Thumb Code     0  startup_mspm0g350x_uvision.o(.text)
    RTC_IRQHandler                           0x000000e3   Thumb Code     0  startup_mspm0g350x_uvision.o(.text)
    SPI0_IRQHandler                          0x000000e3   Thumb Code     0  startup_mspm0g350x_uvision.o(.text)
    SPI1_IRQHandler                          0x000000e3   Thumb Code     0  startup_mspm0g350x_uvision.o(.text)
    TIMA0_IRQHandler                         0x000000e3   Thumb Code     0  startup_mspm0g350x_uvision.o(.text)
    TIMA1_IRQHandler                         0x000000e3   Thumb Code     0  startup_mspm0g350x_uvision.o(.text)
    TIMG0_IRQHandler                         0x000000e3   Thumb Code     0  startup_mspm0g350x_uvision.o(.text)
    TIMG12_IRQHandler                        0x000000e3   Thumb Code     0  startup_mspm0g350x_uvision.o(.text)
    TIMG6_IRQHandler                         0x000000e3   Thumb Code     0  startup_mspm0g350x_uvision.o(.text)
    TIMG7_IRQHandler                         0x000000e3   Thumb Code     0  startup_mspm0g350x_uvision.o(.text)
    TIMG8_IRQHandler                         0x000000e3   Thumb Code     0  startup_mspm0g350x_uvision.o(.text)
    UART1_IRQHandler                         0x000000e3   Thumb Code     0  startup_mspm0g350x_uvision.o(.text)
    UART2_IRQHandler                         0x000000e3   Thumb Code     0  startup_mspm0g350x_uvision.o(.text)
    UART3_IRQHandler                         0x000000e3   Thumb Code     0  startup_mspm0g350x_uvision.o(.text)
    __scatterload                            0x000000e9   Thumb Code    38  init.o(.text)
    __scatterload_rt2                        0x000000e9   Thumb Code     0  init.o(.text)
    DL_Common_delayCycles                    0x00000119   Thumb Code    10  dl_common.o(.text.DL_Common_delayCycles)
    DL_TimerA_initPWMMode                    0x00000125   Thumb Code   120  dl_timer.o(.text.DL_TimerA_initPWMMode)
    DL_Timer_initPWMMode                     0x000001a9   Thumb Code   188  dl_timer.o(.text.DL_Timer_initPWMMode)
    DL_Timer_setCaptCompUpdateMethod         0x00000285   Thumb Code    24  dl_timer.o(.text.DL_Timer_setCaptCompUpdateMethod)
    DL_Timer_setCaptureCompareOutCtl         0x000002a1   Thumb Code    20  dl_timer.o(.text.DL_Timer_setCaptureCompareOutCtl)
    DL_Timer_setCaptureCompareValue          0x000002b9   Thumb Code    12  dl_timer.o(.text.DL_Timer_setCaptureCompareValue)
    DL_Timer_setClockConfig                  0x000002c9   Thumb Code    24  dl_timer.o(.text.DL_Timer_setClockConfig)
    DL_UART_init                             0x000002e5   Thumb Code    64  dl_uart.o(.text.DL_UART_init)
    DL_UART_setClockConfig                   0x0000032d   Thumb Code    18  dl_uart.o(.text.DL_UART_setClockConfig)
    SYSCFG_DL_GPIO_init                      0x00000341   Thumb Code   100  ti_msp_dl_config.o(.text.SYSCFG_DL_GPIO_init)
    SYSCFG_DL_PWM_MOTOR_A_init               0x000003bd   Thumb Code    72  ti_msp_dl_config.o(.text.SYSCFG_DL_PWM_MOTOR_A_init)
    SYSCFG_DL_PWM_MOTOR_B_init               0x00000411   Thumb Code    72  ti_msp_dl_config.o(.text.SYSCFG_DL_PWM_MOTOR_B_init)
    SYSCFG_DL_PWM_SERVO_init                 0x00000465   Thumb Code    72  ti_msp_dl_config.o(.text.SYSCFG_DL_PWM_SERVO_init)
    SYSCFG_DL_SYSCTL_init                    0x000004b9   Thumb Code    52  ti_msp_dl_config.o(.text.SYSCFG_DL_SYSCTL_init)
    SYSCFG_DL_SYSTICK_init                   0x000004f5   Thumb Code    24  ti_msp_dl_config.o(.text.SYSCFG_DL_SYSTICK_init)
    SYSCFG_DL_UART_0_init                    0x00000515   Thumb Code    84  ti_msp_dl_config.o(.text.SYSCFG_DL_UART_0_init)
    SYSCFG_DL_init                           0x00000581   Thumb Code    52  ti_msp_dl_config.o(.text.SYSCFG_DL_init)
    SYSCFG_DL_initPower                      0x000005bd   Thumb Code    52  ti_msp_dl_config.o(.text.SYSCFG_DL_initPower)
    SetMotorPWM                              0x00000611   Thumb Code    72  motor.o(.text.SetMotorPWM)
    UART0_IRQHandler                         0x00000665   Thumb Code    76  board.o(.text.UART0_IRQHandler)
    delay_ms                                 0x000006c5   Thumb Code    68  board.o(.text.delay_ms)
    main                                     0x0000070d   Thumb Code    46  empty.o(.text.main)
    setDirection                             0x0000073d   Thumb Code    36  servo.o(.text.setDirection)
    __scatterload_copy                       0x00000771   Thumb Code    14  handlers.o(i.__scatterload_copy)
    __scatterload_null                       0x00000781   Thumb Code     2  handlers.o(i.__scatterload_null)
    __scatterload_zeroinit                   0x00000789   Thumb Code    14  handlers.o(i.__scatterload_zeroinit)
    Region$$Table$$Base                      0x000007c8   Number         0  anon$$obj.o(Region$$Table)
    Region$$Table$$Limit                     0x000007d8   Number         0  anon$$obj.o(Region$$Table)
    gPWM_MOTOR_BBackup                       0x20200000   Data         120  ti_msp_dl_config.o(.bss.gPWM_MOTOR_BBackup)
    gPWM_SERVOBackup                         0x20200078   Data         188  ti_msp_dl_config.o(.bss.gPWM_SERVOBackup)
    recv0_buff                               0x20200134   Data         128  board.o(.bss.recv0_buff)
    recv0_flag                               0x202001b4   Data           1  board.o(.bss.recv0_flag)
    recv0_length                             0x202001b6   Data           2  board.o(.bss.recv0_length)
    __initial_sp                             0x202002b8   Data           0  startup_mspm0g350x_uvision.o(STACK)



==============================================================================

Memory Map of the image

  Image Entry point : 0x000000c1

  Load Region LR_IROM1 (Base: 0x00000000, Size: 0x000007d8, Max: 0x00020000, ABSOLUTE)

    Execution Region ER_IROM1 (Exec base: 0x00000000, Load base: 0x00000000, Size: 0x000007d8, Max: 0x00020000, ABSOLUTE)

    Exec Addr    Load Addr    Size         Type   Attr      Idx    E Section Name        Object

    0x00000000   0x00000000   0x000000c0   Data   RO           12    RESET               startup_mspm0g350x_uvision.o
    0x000000c0   0x000000c0   0x00000000   Code   RO          834  * .ARM.Collect$$$$00000000  mc_p.l(entry.o)
    0x000000c0   0x000000c0   0x00000004   Code   RO          855    .ARM.Collect$$$$00000001  mc_p.l(entry2.o)
    0x000000c4   0x000000c4   0x00000004   Code   RO          858    .ARM.Collect$$$$00000004  mc_p.l(entry5.o)
    0x000000c8   0x000000c8   0x00000000   Code   RO          860    .ARM.Collect$$$$00000008  mc_p.l(entry7b.o)
    0x000000c8   0x000000c8   0x00000000   Code   RO          862    .ARM.Collect$$$$0000000A  mc_p.l(entry8b.o)
    0x000000c8   0x000000c8   0x00000008   Code   RO          863    .ARM.Collect$$$$0000000B  mc_p.l(entry9a.o)
    0x000000d0   0x000000d0   0x00000000   Code   RO          865    .ARM.Collect$$$$0000000D  mc_p.l(entry10a.o)
    0x000000d0   0x000000d0   0x00000000   Code   RO          867    .ARM.Collect$$$$0000000F  mc_p.l(entry11a.o)
    0x000000d0   0x000000d0   0x00000004   Code   RO          856    .ARM.Collect$$$$00002712  mc_p.l(entry2.o)
    0x000000d4   0x000000d4   0x00000014   Code   RO           13    .text               startup_mspm0g350x_uvision.o
    0x000000e8   0x000000e8   0x00000030   Code   RO          883    .text               mc_p.l(init.o)
    0x00000118   0x00000118   0x0000000a   Code   RO          743    .text.DL_Common_delayCycles  dl_common.o
    0x00000122   0x00000122   0x00000002   PAD
    0x00000124   0x00000124   0x00000084   Code   RO          217    .text.DL_TimerA_initPWMMode  dl_timer.o
    0x000001a8   0x000001a8   0x000000dc   Code   RO          177    .text.DL_Timer_initPWMMode  dl_timer.o
    0x00000284   0x00000284   0x0000001c   Code   RO          191    .text.DL_Timer_setCaptCompUpdateMethod  dl_timer.o
    0x000002a0   0x000002a0   0x00000018   Code   RO          181    .text.DL_Timer_setCaptureCompareOutCtl  dl_timer.o
    0x000002b8   0x000002b8   0x00000010   Code   RO          161    .text.DL_Timer_setCaptureCompareValue  dl_timer.o
    0x000002c8   0x000002c8   0x0000001c   Code   RO          155    .text.DL_Timer_setClockConfig  dl_timer.o
    0x000002e4   0x000002e4   0x00000048   Code   RO          103    .text.DL_UART_init  dl_uart.o
    0x0000032c   0x0000032c   0x00000012   Code   RO          105    .text.DL_UART_setClockConfig  dl_uart.o
    0x0000033e   0x0000033e   0x00000002   PAD
    0x00000340   0x00000340   0x0000007c   Code   RO           24    .text.SYSCFG_DL_GPIO_init  ti_msp_dl_config.o
    0x000003bc   0x000003bc   0x00000054   Code   RO           30    .text.SYSCFG_DL_PWM_MOTOR_A_init  ti_msp_dl_config.o
    0x00000410   0x00000410   0x00000054   Code   RO           32    .text.SYSCFG_DL_PWM_MOTOR_B_init  ti_msp_dl_config.o
    0x00000464   0x00000464   0x00000054   Code   RO           28    .text.SYSCFG_DL_PWM_SERVO_init  ti_msp_dl_config.o
    0x000004b8   0x000004b8   0x0000003c   Code   RO           26    .text.SYSCFG_DL_SYSCTL_init  ti_msp_dl_config.o
    0x000004f4   0x000004f4   0x00000020   Code   RO           36    .text.SYSCFG_DL_SYSTICK_init  ti_msp_dl_config.o
    0x00000514   0x00000514   0x0000006c   Code   RO           34    .text.SYSCFG_DL_UART_0_init  ti_msp_dl_config.o
    0x00000580   0x00000580   0x0000003c   Code   RO           20    .text.SYSCFG_DL_init  ti_msp_dl_config.o
    0x000005bc   0x000005bc   0x00000054   Code   RO           22    .text.SYSCFG_DL_initPower  ti_msp_dl_config.o
    0x00000610   0x00000610   0x00000054   Code   RO          818    .text.SetMotorPWM   motor.o
    0x00000664   0x00000664   0x00000060   Code   RO           76    .text.UART0_IRQHandler  board.o
    0x000006c4   0x000006c4   0x00000048   Code   RO           64    .text.delay_ms      board.o
    0x0000070c   0x0000070c   0x0000002e   Code   RO            2    .text.main          empty.o
    0x0000073a   0x0000073a   0x00000002   PAD
    0x0000073c   0x0000073c   0x00000034   Code   RO          803    .text.setDirection  servo.o
    0x00000770   0x00000770   0x0000000e   Code   RO          887    i.__scatterload_copy  mc_p.l(handlers.o)
    0x0000077e   0x0000077e   0x00000002   PAD
    0x00000780   0x00000780   0x00000002   Code   RO          888    i.__scatterload_null  mc_p.l(handlers.o)
    0x00000782   0x00000782   0x00000006   PAD
    0x00000788   0x00000788   0x0000000e   Code   RO          889    i.__scatterload_zeroinit  mc_p.l(handlers.o)
    0x00000796   0x00000796   0x00000003   Data   RO           46    .rodata.gPWM_MOTOR_AClockConfig  ti_msp_dl_config.o
    0x00000799   0x00000799   0x00000003   PAD
    0x0000079c   0x0000079c   0x00000008   Data   RO           47    .rodata.gPWM_MOTOR_AConfig  ti_msp_dl_config.o
    0x000007a4   0x000007a4   0x00000003   Data   RO           48    .rodata.gPWM_MOTOR_BClockConfig  ti_msp_dl_config.o
    0x000007a7   0x000007a7   0x00000001   PAD
    0x000007a8   0x000007a8   0x00000008   Data   RO           49    .rodata.gPWM_MOTOR_BConfig  ti_msp_dl_config.o
    0x000007b0   0x000007b0   0x00000003   Data   RO           44    .rodata.gPWM_SERVOClockConfig  ti_msp_dl_config.o
    0x000007b3   0x000007b3   0x00000001   PAD
    0x000007b4   0x000007b4   0x00000008   Data   RO           45    .rodata.gPWM_SERVOConfig  ti_msp_dl_config.o
    0x000007bc   0x000007bc   0x00000002   Data   RO           50    .rodata.gUART_0ClockConfig  ti_msp_dl_config.o
    0x000007be   0x000007be   0x0000000a   Data   RO           51    .rodata.gUART_0Config  ti_msp_dl_config.o
    0x000007c8   0x000007c8   0x00000010   Data   RO          886    Region$$Table       anon$$obj.o


    Execution Region RW_IRAM2 (Exec base: 0x20200000, Load base: 0x000007d8, Size: 0x000002b8, Max: 0x00008000, ABSOLUTE)

    Exec Addr    Load Addr    Size         Type   Attr      Idx    E Section Name        Object

    0x20200000        -       0x00000078   Zero   RW           43    .bss.gPWM_MOTOR_BBackup  ti_msp_dl_config.o
    0x20200078        -       0x000000bc   Zero   RW           42    .bss.gPWM_SERVOBackup  ti_msp_dl_config.o
    0x20200134        -       0x00000080   Zero   RW           78    .bss.recv0_buff     board.o
    0x202001b4        -       0x00000001   Zero   RW           80    .bss.recv0_flag     board.o
    0x202001b5   0x000007d8   0x00000001   PAD
    0x202001b6        -       0x00000002   Zero   RW           79    .bss.recv0_length   board.o
    0x202001b8        -       0x00000100   Zero   RW           10    STACK               startup_mspm0g350x_uvision.o



  Load Region LR_BCR (Base: 0x41c00000, Size: 0x00000000, Max: 0x00000100, ABSOLUTE)

    Execution Region BCR_CONFIG (Exec base: 0x41c00000, Load base: 0x41c00000, Size: 0x00000000, Max: 0x00000080, ABSOLUTE)

    **** No section assigned to this execution region ****



  Load Region LR_BSL (Base: 0x41c00100, Size: 0x00000000, Max: 0x00000100, ABSOLUTE)

    Execution Region BSL_CONFIG (Exec base: 0x41c00100, Load base: 0x41c00100, Size: 0x00000000, Max: 0x00000080, ABSOLUTE)

    **** No section assigned to this execution region ****


==============================================================================

Image component sizes


      Code (inc. data)   RO Data    RW Data    ZI Data      Debug   Object Name

       168         24          0          0        131       9393   board.o
        10          0          0          0          0        587   dl_common.o
       448         60          0          0          0      31977   dl_timer.o
        90          8          0          0          0      14507   dl_uart.o
        46          0          0          0          0        388   empty.o
        84         12          0          0          0       6970   motor.o
        52         16          0          0          0       3732   servo.o
        20          4        192          0        256        620   startup_mspm0g350x_uvision.o
       720        140         45          0        308      27358   ti_msp_dl_config.o

    ----------------------------------------------------------------------
      1644        264        258          0        696      95532   Object Totals
         0          0         16          0          0          0   (incl. Generated)
         6          0          5          0          1          0   (incl. Padding)

    ----------------------------------------------------------------------

      Code (inc. data)   RO Data    RW Data    ZI Data      Debug   Library Member Name

         0          0          0          0          0          0   entry.o
         0          0          0          0          0          0   entry10a.o
         0          0          0          0          0          0   entry11a.o
         8          4          0          0          0          0   entry2.o
         4          0          0          0          0          0   entry5.o
         0          0          0          0          0          0   entry7b.o
         0          0          0          0          0          0   entry8b.o
         8          4          0          0          0          0   entry9a.o
        30          0          0          0          0          0   handlers.o
        48         10          0          0          0         68   init.o

    ----------------------------------------------------------------------
       106         18          0          0          0         68   Library Totals
         8          0          0          0          0          0   (incl. Padding)

    ----------------------------------------------------------------------

      Code (inc. data)   RO Data    RW Data    ZI Data      Debug   Library Name

        98         18          0          0          0         68   mc_p.l

    ----------------------------------------------------------------------
       106         18          0          0          0         68   Library Totals

    ----------------------------------------------------------------------

==============================================================================


      Code (inc. data)   RO Data    RW Data    ZI Data      Debug   

      1750        282        258          0        696      95612   Grand Totals
      1750        282        258          0        696      95612   ELF Image Totals
      1750        282        258          0          0          0   ROM Totals

==============================================================================

    Total RO  Size (Code + RO Data)                 2008 (   1.96kB)
    Total RW  Size (RW Data + ZI Data)               696 (   0.68kB)
    Total ROM Size (Code + RO Data + RW Data)       2008 (   1.96kB)

==============================================================================

